Archive member included to satisfy reference by file (symbol)

C:/ST/STM32CubeIDE_1.15.1/STM32CubeIDE/plugins/com.st.stm32cube.ide.mcu.externaltools.gnu-tools-for-stm32.12.3.rel1.win32_1.0.100.202403111256/tools/bin/../lib/gcc/arm-none-eabi/12.3.1/../../../../arm-none-eabi/lib/thumb/v7-m/nofp\libc_nano.a(libc_a-exit.o)
                              C:/ST/STM32CubeIDE_1.15.1/STM32CubeIDE/plugins/com.st.stm32cube.ide.mcu.externaltools.gnu-tools-for-stm32.12.3.rel1.win32_1.0.100.202403111256/tools/bin/../lib/gcc/arm-none-eabi/12.3.1/../../../../arm-none-eabi/lib/thumb/v7-m/nofp/crt0.o (exit)
C:/ST/STM32CubeIDE_1.15.1/STM32CubeIDE/plugins/com.st.stm32cube.ide.mcu.externaltools.gnu-tools-for-stm32.12.3.rel1.win32_1.0.100.202403111256/tools/bin/../lib/gcc/arm-none-eabi/12.3.1/../../../../arm-none-eabi/lib/thumb/v7-m/nofp\libc_nano.a(libc_a-findfp.o)
                              C:/ST/STM32CubeIDE_1.15.1/STM32CubeIDE/plugins/com.st.stm32cube.ide.mcu.externaltools.gnu-tools-for-stm32.12.3.rel1.win32_1.0.100.202403111256/tools/bin/../lib/gcc/arm-none-eabi/12.3.1/../../../../arm-none-eabi/lib/thumb/v7-m/nofp\libc_nano.a(libc_a-exit.o) (__stdio_exit_handler)
C:/ST/STM32CubeIDE_1.15.1/STM32CubeIDE/plugins/com.st.stm32cube.ide.mcu.externaltools.gnu-tools-for-stm32.12.3.rel1.win32_1.0.100.202403111256/tools/bin/../lib/gcc/arm-none-eabi/12.3.1/../../../../arm-none-eabi/lib/thumb/v7-m/nofp\libc_nano.a(libc_a-fwalk.o)
                              C:/ST/STM32CubeIDE_1.15.1/STM32CubeIDE/plugins/com.st.stm32cube.ide.mcu.externaltools.gnu-tools-for-stm32.12.3.rel1.win32_1.0.100.202403111256/tools/bin/../lib/gcc/arm-none-eabi/12.3.1/../../../../arm-none-eabi/lib/thumb/v7-m/nofp\libc_nano.a(libc_a-findfp.o) (_fwalk_sglue)
C:/ST/STM32CubeIDE_1.15.1/STM32CubeIDE/plugins/com.st.stm32cube.ide.mcu.externaltools.gnu-tools-for-stm32.12.3.rel1.win32_1.0.100.202403111256/tools/bin/../lib/gcc/arm-none-eabi/12.3.1/../../../../arm-none-eabi/lib/thumb/v7-m/nofp\libc_nano.a(libc_a-stdio.o)
                              C:/ST/STM32CubeIDE_1.15.1/STM32CubeIDE/plugins/com.st.stm32cube.ide.mcu.externaltools.gnu-tools-for-stm32.12.3.rel1.win32_1.0.100.202403111256/tools/bin/../lib/gcc/arm-none-eabi/12.3.1/../../../../arm-none-eabi/lib/thumb/v7-m/nofp\libc_nano.a(libc_a-findfp.o) (__sread)
C:/ST/STM32CubeIDE_1.15.1/STM32CubeIDE/plugins/com.st.stm32cube.ide.mcu.externaltools.gnu-tools-for-stm32.12.3.rel1.win32_1.0.100.202403111256/tools/bin/../lib/gcc/arm-none-eabi/12.3.1/../../../../arm-none-eabi/lib/thumb/v7-m/nofp\libc_nano.a(libc_a-memset.o)
                              C:/ST/STM32CubeIDE_1.15.1/STM32CubeIDE/plugins/com.st.stm32cube.ide.mcu.externaltools.gnu-tools-for-stm32.12.3.rel1.win32_1.0.100.202403111256/tools/bin/../lib/gcc/arm-none-eabi/12.3.1/../../../../arm-none-eabi/lib/thumb/v7-m/nofp/crt0.o (memset)
C:/ST/STM32CubeIDE_1.15.1/STM32CubeIDE/plugins/com.st.stm32cube.ide.mcu.externaltools.gnu-tools-for-stm32.12.3.rel1.win32_1.0.100.202403111256/tools/bin/../lib/gcc/arm-none-eabi/12.3.1/../../../../arm-none-eabi/lib/thumb/v7-m/nofp\libc_nano.a(libc_a-closer.o)
                              C:/ST/STM32CubeIDE_1.15.1/STM32CubeIDE/plugins/com.st.stm32cube.ide.mcu.externaltools.gnu-tools-for-stm32.12.3.rel1.win32_1.0.100.202403111256/tools/bin/../lib/gcc/arm-none-eabi/12.3.1/../../../../arm-none-eabi/lib/thumb/v7-m/nofp\libc_nano.a(libc_a-stdio.o) (_close_r)
C:/ST/STM32CubeIDE_1.15.1/STM32CubeIDE/plugins/com.st.stm32cube.ide.mcu.externaltools.gnu-tools-for-stm32.12.3.rel1.win32_1.0.100.202403111256/tools/bin/../lib/gcc/arm-none-eabi/12.3.1/../../../../arm-none-eabi/lib/thumb/v7-m/nofp\libc_nano.a(libc_a-reent.o)
                              C:/ST/STM32CubeIDE_1.15.1/STM32CubeIDE/plugins/com.st.stm32cube.ide.mcu.externaltools.gnu-tools-for-stm32.12.3.rel1.win32_1.0.100.202403111256/tools/bin/../lib/gcc/arm-none-eabi/12.3.1/../../../../arm-none-eabi/lib/thumb/v7-m/nofp\libc_nano.a(libc_a-closer.o) (errno)
C:/ST/STM32CubeIDE_1.15.1/STM32CubeIDE/plugins/com.st.stm32cube.ide.mcu.externaltools.gnu-tools-for-stm32.12.3.rel1.win32_1.0.100.202403111256/tools/bin/../lib/gcc/arm-none-eabi/12.3.1/../../../../arm-none-eabi/lib/thumb/v7-m/nofp\libc_nano.a(libc_a-impure.o)
                              C:/ST/STM32CubeIDE_1.15.1/STM32CubeIDE/plugins/com.st.stm32cube.ide.mcu.externaltools.gnu-tools-for-stm32.12.3.rel1.win32_1.0.100.202403111256/tools/bin/../lib/gcc/arm-none-eabi/12.3.1/../../../../arm-none-eabi/lib/thumb/v7-m/nofp\libc_nano.a(libc_a-reent.o) (_impure_ptr)
C:/ST/STM32CubeIDE_1.15.1/STM32CubeIDE/plugins/com.st.stm32cube.ide.mcu.externaltools.gnu-tools-for-stm32.12.3.rel1.win32_1.0.100.202403111256/tools/bin/../lib/gcc/arm-none-eabi/12.3.1/../../../../arm-none-eabi/lib/thumb/v7-m/nofp\libc_nano.a(libc_a-lseekr.o)
[...]
Memory Configuration

Name             Origin             Length             Attributes
RAM              0x20000000         0x00005000         xrw
FLASH            0x08000000         0x00010000         xr
*default*        0x00000000         0xffffffff

Linker script and memory map

LOAD C:/ST/STM32CubeIDE_1.15.1/STM32CubeIDE/plugins/com.st.stm32cube.ide.mcu.externaltools.gnu-tools-for-stm32.12.3.rel1.win32_1.0.100.202403111256/tools/bin/../lib/gcc/arm-none-eabi/12.3.1/thumb/v7-m/nofp/crti.o
LOAD C:/ST/STM32CubeIDE_1.15.1/STM32CubeIDE/plugins/com.st.stm32cube.ide.mcu.externaltools.gnu-tools-for-stm32.12.3.rel1.win32_1.0.100.202403111256/tools/bin/../lib/gcc/arm-none-eabi/12.3.1/thumb/v7-m/nofp/crtbegin.o
LOAD C:/ST/STM32CubeIDE_1.15.1/STM32CubeIDE/plugins/com.st.stm32cube.ide.mcu.externaltools.gnu-tools-for-stm32.12.3.rel1.win32_1.0.100.202403111256/tools/bin/../lib/gcc/arm-none-eabi/12.3.1/../../../../arm-none-eabi/lib/thumb/v7-m/nofp/crt0.o
LOAD ./Core/Src/main.o
LOAD ./Core/Src/stm32f1xx_it.o
LOAD ./Core/Src/syscalls.o
LOAD ./Core/Src/sysmem.o
LOAD ./Core/Src/system_stm32f1xx.o
LOAD ./Core/Startup/startup_stm32f103c8tx.o
LOAD ./Devices/BH1750/bh1750.o
LOAD ./Drivers/STM32F1xx_HAL_Driver/Src/stm32f1xx_ll_dma.o
LOAD ./Drivers/STM32F1xx_HAL_Driver/Src/stm32f1xx_ll_exti.o
LOAD ./Drivers/STM32F1xx_HAL_Driver/Src/stm32f1xx_ll_gpio.o
LOAD ./Drivers/STM32F1xx_HAL_Driver/Src/stm32f1xx_ll_pwr.o
LOAD ./Drivers/STM32F1xx_HAL_Driver/Src/stm32f1xx_ll_rcc.o
LOAD ./Drivers/STM32F1xx_HAL_Driver/Src/stm32f1xx_ll_usart.o
LOAD ./Drivers/STM32F1xx_HAL_Driver/Src/stm32f1xx_ll_utils.o
LOAD ./Source/croutine.o
LOAD ./Source/event_groups.o
LOAD ./Source/list.o
LOAD ./Source/queue.o
LOAD ./Source/stream_buffer.o
LOAD ./Source/tasks.o
LOAD ./Source/timers.o
LOAD ./Source/portable/GCC/ARM_CM3/port.o
LOAD ./Source/portable/MemMang/heap_2.o
LOAD ./UARTStdio/uartstdio.o
START GROUP
LOAD C:/ST/STM32CubeIDE_1.15.1/STM32CubeIDE/plugins/com.st.stm32cube.ide.mcu.externaltools.gnu-tools-for-stm32.12.3.rel1.win32_1.0.100.202403111256/tools/bin/../lib/gcc/arm-none-eabi/12.3.1/../../../../arm-none-eabi/lib/thumb/v7-m/nofp\libc_nano.a
LOAD C:/ST/STM32CubeIDE_1.15.1/STM32CubeIDE/plugins/com.st.stm32cube.ide.mcu.externaltools.gnu-tools-for-stm32.12.3.rel1.win32_1.0.100.202403111256/tools/bin/../lib/gcc/arm-none-eabi/12.3.1/../../../../arm-none-eabi/lib/thumb/v7-m/nofp\libm.a
END GROUP
START GROUP
LOAD C:/ST/STM32CubeIDE_1.15.1/STM32CubeIDE/plugins/com.st.stm32cube.ide.mcu.externaltools.gnu-tools-for-stm32.12.3.rel1.win32_1.0.100.202403111256/tools/bin/../lib/gcc/arm-none-eabi/12.3.1/thumb/v7-m/nofp\libgcc.a
LOAD C:/ST/STM32CubeIDE_1.15.1/STM32CubeIDE/plugins/com.st.stm32cube.ide.mcu.externaltools.gnu-tools-for-stm32.12.3.rel1.win32_1.0.100.202403111256/tools/bin/../lib/gcc/arm-none-eabi/12.3.1/../../../../arm-none-eabi/lib/thumb/v7-m/nofp\libc_nano.a
END GROUP
START GROUP
LOAD C:/ST/STM32CubeIDE_1.15.1/STM32CubeIDE/plugins/com.st.stm32cube.ide.mcu.externaltools.gnu-tools-for-stm32.12.3.rel1.win32_1.0.100.202403111256/tools/bin/../lib/gcc/arm-none-eabi/12.3.1/thumb/v7-m/nofp\libgcc.a
LOAD C:/ST/STM32CubeIDE_1.15.1/STM32CubeIDE/plugins/com.st.stm32cube.ide.mcu.externaltools.gnu-tools-for-stm32.12.3.rel1.win32_1.0.100.202403111256/tools/bin/../lib/gcc/arm-none-eabi/12.3.1/../../../../arm-none-eabi/lib/thumb/v7-m/nofp\libc_nano.a
LOAD C:/ST/STM32CubeIDE_1.15.1/STM32CubeIDE/plugins/com.st.stm32cube.ide.mcu.externaltools.gnu-tools-for-stm32.12.3.rel1.win32_1.0.100.202403111256/tools/bin/../lib/gcc/arm-none-eabi/12.3.1/../../../../arm-none-eabi/lib/thumb/v7-m/nofp\libnosys.a
END GROUP
START GROUP
LOAD C:/ST/STM32CubeIDE_1.15.1/STM32CubeIDE/plugins/com.st.stm32cube.ide.mcu.externaltools.gnu-tools-for-stm32.12.3.rel1.win32_1.0.100.202403111256/tools/bin/../lib/gcc/arm-none-eabi/12.3.1/thumb/v7-m/nofp\libgcc.a
LOAD C:/ST/STM32CubeIDE_1.15.1/STM32CubeIDE/plugins/com.st.stm32cube.ide.mcu.externaltools.gnu-tools-for-stm32.12.3.rel1.win32_1.0.100.202403111256/tools/bin/../lib/gcc/arm-none-eabi/12.3.1/../../../../arm-none-eabi/lib/thumb/v7-m/nofp\libc_nano.a
LOAD C:/ST/STM32CubeIDE_1.15.1/STM32CubeIDE/plugins/com.st.stm32cube.ide.mcu.externaltools.gnu-tools-for-stm32.12.3.rel1.win32_1.0.100.202403111256/tools/bin/../lib/gcc/arm-none-eabi/12.3.1/../../../../arm-none-eabi/lib/thumb/v7-m/nofp\libnosys.a
END GROUP
LOAD C:/ST/STM32CubeIDE_1.15.1/STM32CubeIDE/plugins/com.st.stm32cube.ide.mcu.externaltools.gnu-tools-for-stm32.12.3.rel1.win32_1.0.100.202403111256/tools/bin/../lib/gcc/arm-none-eabi/12.3.1/thumb/v7-m/nofp/crtend.o
LOAD C:/ST/STM32CubeIDE_1.15.1/STM32CubeIDE/plugins/com.st.stm32cube.ide.mcu.externaltools.gnu-tools-for-stm32.12.3.rel1.win32_1.0.100.202403111256/tools/bin/../lib/gcc/arm-none-eabi/12.3.1/thumb/v7-m/nofp/crtn.o
                0x20005000                        _estack = (ORIGIN (RAM) + LENGTH (RAM))
                0x00000200                        _Min_Heap_Size = 0x200
                0x00000400                        _Min_Stack_Size = 0x400

.isr_vector     0x08000000      0x10c
                0x08000000                        . = ALIGN (0x4)
 *(.isr_vector)
 .isr_vector    0x08000000      0x10c ./Core/Startup/startup_stm32f103c8tx.o
                0x08000000                g_pfnVectors
                0x0800010c                        . = ALIGN (0x4)

.text           0x08000110     0x27e0
                0x08000110                        . = ALIGN (0x4)
 *(.text)
 .text          0x08000110       0x40 C:/ST/STM32CubeIDE_1.15.1/STM32CubeIDE/plugins/com.st.stm32cube.ide.mcu.externaltools.gnu-tools-for-stm32.12.3.rel1.win32_1.0.100.202403111256/tools/bin/../lib/gcc/arm-none-eabi/12.3.1/thumb/v7-m/nofp/crtbegin.o
 *(.text*)
 .text.__NVIC_SetPriorityGrouping
                0x08000150       0x48 ./Core/Src/main.o
 .text.__NVIC_GetPriorityGrouping
                0x08000198       0x1c ./Core/Src/main.o
 .text.__NVIC_EnableIRQ
                0x080001b4       0x38 ./Core/Src/main.o
 .text.__NVIC_SetPriority
                0x080001ec       0x54 ./Core/Src/main.o
 .text.NVIC_EncodePriority
                0x08000240       0x64 ./Core/Src/main.o
 .text.LL_RCC_HSI_Enable
                0x080002a4       0x1c ./Core/Src/main.o
 .text.LL_RCC_HSI_IsReady
                0x080002c0       0x24 ./Core/Src/main.o
 .text.LL_RCC_HSI_SetCalibTrimming
                0x080002e4       0x28 ./Core/Src/main.o
 .text.LL_RCC_SetSysClkSource
                0x0800030c       0x28 ./Core/Src/main.o
 .text.LL_RCC_GetSysClkSource
                0x08000334       0x18 ./Core/Src/main.o
 .text.LL_RCC_SetAHBPrescaler
                0x0800034c       0x28 ./Core/Src/main.o
 .text.LL_RCC_SetAPB1Prescaler
                0x08000374       0x28 ./Core/Src/main.o
 .text.LL_RCC_SetAPB2Prescaler
                0x0800039c       0x28 ./Core/Src/main.o
 .text.LL_APB1_GRP1_EnableClock
                0x080003c4       0x30 ./Core/Src/main.o
 .text.LL_APB2_GRP1_EnableClock
                0x080003f4       0x30 ./Core/Src/main.o
 .text.LL_FLASH_SetLatency
                0x08000424       0x28 ./Core/Src/main.o
 .text.LL_FLASH_GetLatency
                0x0800044c       0x18 ./Core/Src/main.o
 .text.LL_USART_Enable
                0x08000464       0x1e ./Core/Src/main.o
 .text.LL_USART_ConfigAsyncMode
                0x08000482       0x2a ./Core/Src/main.o
 .text.LL_GPIO_IsOutputPinSet
                0x080004ac       0x2c ./Core/Src/main.o
 .text.LL_GPIO_ResetOutputPin
                0x080004d8       0x1e ./Core/Src/main.o
 .text.LL_GPIO_TogglePin
                0x080004f6       0x38 ./Core/Src/main.o
 *fill*         0x0800052e        0x2 
 .text.LL_GPIO_AF_Remap_SWJ_NOJTAG
                0x08000530       0x20 ./Core/Src/main.o
 .text.main     0x08000550       0x98 ./Core/Src/main.o
                0x08000550                main
 .text.SystemClock_Config
                0x080005e8       0x64 ./Core/Src/main.o
                0x080005e8                SystemClock_Config
 .text.MX_USART2_UART_Init
                0x0800064c       0xcc ./Core/Src/main.o
 .text.MX_GPIO_Init
                0x08000718       0xa4 ./Core/Src/main.o
 .text.Status_Led_Task
                0x080007bc       0x48 ./Core/Src/main.o
 .text.Switch_Task
                0x08000804        0xc ./Core/Src/main.o
 .text.NMI_Handler
                0x08000810        0x8 ./Core/Src/stm32f1xx_it.o
                0x08000810                NMI_Handler
 .text.HardFault_Handler
                0x08000818        0x8 ./Core/Src/stm32f1xx_it.o
                0x08000818                HardFault_Handler
 .text.MemManage_Handler
                0x08000820        0x8 ./Core/Src/stm32f1xx_it.o
                0x08000820                MemManage_Handler
 .text.BusFault_Handler
                0x08000828        0x8 ./Core/Src/stm32f1xx_it.o
                0x08000828                BusFault_Handler
 .text.UsageFault_Handler
                0x08000830        0x8 ./Core/Src/stm32f1xx_it.o
                0x08000830                UsageFault_Handler
 .text.DebugMon_Handler
                0x08000838        0xc ./Core/Src/stm32f1xx_it.o
                0x08000838                DebugMon_Handler
 .text.USART2_IRQHandler
                0x08000844        0xc ./Core/Src/stm32f1xx_it.o
                0x08000844                USART2_IRQHandler
 .text.SystemInit
                0x08000850        0xc ./Core/Src/system_stm32f1xx.o
                0x08000850                SystemInit
 .text.Reset_Handler
                0x0800085c       0x48 ./Core/Startup/startup_stm32f103c8tx.o
                0x0800085c                Reset_Handler
 .text.Default_Handler
                0x080008a4        0x2 ./Core/Startup/startup_stm32f103c8tx.o
                0x080008a4                RTC_Alarm_IRQHandler
                0x080008a4                EXTI2_IRQHandler
                0x080008a4                TIM1_CC_IRQHandler
                0x080008a4                PVD_IRQHandler
                0x080008a4                EXTI3_IRQHandler
                0x080008a4                EXTI0_IRQHandler
                0x080008a4                I2C2_EV_IRQHandler
                0x080008a4                ADC1_2_IRQHandler
                0x080008a4                SPI1_IRQHandler
                0x080008a4                TAMPER_IRQHandler
                0x080008a4                DMA1_Channel4_IRQHandler
                0x080008a4                USART3_IRQHandler
                0x080008a4                RTC_IRQHandler
                0x080008a4                DMA1_Channel7_IRQHandler
                0x080008a4                CAN1_RX1_IRQHandler
                0x080008a4                TIM4_IRQHandler
                0x080008a4                I2C1_EV_IRQHandler
                0x080008a4                DMA1_Channel6_IRQHandler
                0x080008a4                TIM3_IRQHandler
                0x080008a4                RCC_IRQHandler
                0x080008a4                TIM1_TRG_COM_IRQHandler
                0x080008a4                DMA1_Channel1_IRQHandler
                0x080008a4                Default_Handler
                0x080008a4                EXTI15_10_IRQHandler
                0x080008a4                EXTI9_5_IRQHandler
                0x080008a4                SPI2_IRQHandler
                0x080008a4                DMA1_Channel5_IRQHandler
                0x080008a4                EXTI4_IRQHandler
                0x080008a4                USB_LP_CAN1_RX0_IRQHandler
                0x080008a4                USB_HP_CAN1_TX_IRQHandler
                0x080008a4                DMA1_Channel3_IRQHandler
                0x080008a4                TIM1_UP_IRQHandler
                0x080008a4                WWDG_IRQHandler
                0x080008a4                TIM2_IRQHandler
                0x080008a4                TIM1_BRK_IRQHandler
                0x080008a4                EXTI1_IRQHandler
                0x080008a4                I2C2_ER_IRQHandler
                0x080008a4                DMA1_Channel2_IRQHandler
                0x080008a4                CAN1_SCE_IRQHandler
                0x080008a4                FLASH_IRQHandler
                0x080008a4                USART1_IRQHandler
                0x080008a4                I2C1_ER_IRQHandler
                0x080008a4                USBWakeUp_IRQHandler
 .text.LL_GPIO_SetPinMode
                0x080008a6       0x64 ./Drivers/STM32F1xx_HAL_Driver/Src/stm32f1xx_ll_gpio.o
 .text.LL_GPIO_SetPinSpeed
                0x0800090a       0x64 ./Drivers/STM32F1xx_HAL_Driver/Src/stm32f1xx_ll_gpio.o
 .text.LL_GPIO_SetPinOutputType
                0x0800096e       0x64 ./Drivers/STM32F1xx_HAL_Driver/Src/stm32f1xx_ll_gpio.o
 .text.LL_GPIO_SetPinPull
                0x080009d2       0x44 ./Drivers/STM32F1xx_HAL_Driver/Src/stm32f1xx_ll_gpio.o
 .text.LL_GPIO_Init
                0x08000a16       0xcc ./Drivers/STM32F1xx_HAL_Driver/Src/stm32f1xx_ll_gpio.o
                0x08000a16                LL_GPIO_Init
 *fill*         0x08000ae2        0x2 
 .text.LL_RCC_GetSysClkSource
                0x08000ae4       0x18 ./Drivers/STM32F1xx_HAL_Driver/Src/stm32f1xx_ll_rcc.o
 .text.LL_RCC_GetAHBPrescaler
                0x08000afc       0x18 ./Drivers/STM32F1xx_HAL_Driver/Src/stm32f1xx_ll_rcc.o
 .text.LL_RCC_GetAPB1Prescaler
                0x08000b14       0x18 ./Drivers/STM32F1xx_HAL_Driver/Src/stm32f1xx_ll_rcc.o
 .text.LL_RCC_GetAPB2Prescaler
                0x08000b2c       0x18 ./Drivers/STM32F1xx_HAL_Driver/Src/stm32f1xx_ll_rcc.o
 .text.LL_RCC_PLL_GetMainSource
                0x08000b44       0x18 ./Drivers/STM32F1xx_HAL_Driver/Src/stm32f1xx_ll_rcc.o
 .text.LL_RCC_PLL_GetMultiplicator
                0x08000b5c       0x18 ./Drivers/STM32F1xx_HAL_Driver/Src/stm32f1xx_ll_rcc.o
 .text.LL_RCC_PLL_GetPrediv
                0x08000b74       0x1c ./Drivers/STM32F1xx_HAL_Driver/Src/stm32f1xx_ll_rcc.o
 .text.LL_RCC_GetSystemClocksFreq
                0x08000b90       0x4a ./Drivers/STM32F1xx_HAL_Driver/Src/stm32f1xx_ll_rcc.o
                0x08000b90                LL_RCC_GetSystemClocksFreq
 *fill*         0x08000bda        0x2 
 .text.RCC_GetSystemClockFreq
                0x08000bdc       0x4c ./Drivers/STM32F1xx_HAL_Driver/Src/stm32f1xx_ll_rcc.o
                0x08000bdc                RCC_GetSystemClockFreq
 .text.RCC_GetHCLKClockFreq
                0x08000c28       0x2c ./Drivers/STM32F1xx_HAL_Driver/Src/stm32f1xx_ll_rcc.o
                0x08000c28                RCC_GetHCLKClockFreq
 .text.RCC_GetPCLK1ClockFreq
                0x08000c54       0x28 ./Drivers/STM32F1xx_HAL_Driver/Src/stm32f1xx_ll_rcc.o
                0x08000c54                RCC_GetPCLK1ClockFreq
 .text.RCC_GetPCLK2ClockFreq
                0x08000c7c       0x28 ./Drivers/STM32F1xx_HAL_Driver/Src/stm32f1xx_ll_rcc.o
                0x08000c7c                RCC_GetPCLK2ClockFreq
 .text.RCC_PLL_GetFreqDomain_SYS
                0x08000ca4       0x64 ./Drivers/STM32F1xx_HAL_Driver/Src/stm32f1xx_ll_rcc.o
                0x08000ca4                RCC_PLL_GetFreqDomain_SYS
 .text.LL_USART_IsEnabled
                0x08000d08       0x26 ./Drivers/STM32F1xx_HAL_Driver/Src/stm32f1xx_ll_usart.o
 .text.LL_USART_SetStopBitsLength
                0x08000d2e       0x24 ./Drivers/STM32F1xx_HAL_Driver/Src/stm32f1xx_ll_usart.o
 .text.LL_USART_SetHWFlowCtrl
                0x08000d52       0x24 ./Drivers/STM32F1xx_HAL_Driver/Src/stm32f1xx_ll_usart.o
 *fill*         0x08000d76        0x2 
 .text.LL_USART_SetBaudRate
                0x08000d78       0xbc ./Drivers/STM32F1xx_HAL_Driver/Src/stm32f1xx_ll_usart.o
 .text.LL_USART_Init
                0x08000e34       0xc0 ./Drivers/STM32F1xx_HAL_Driver/Src/stm32f1xx_ll_usart.o
                0x08000e34                LL_USART_Init
 .text.LL_InitTick
                0x08000ef4       0x34 ./Drivers/STM32F1xx_HAL_Driver/Src/stm32f1xx_ll_utils.o
 .text.LL_Init1msTick
                0x08000f28       0x1a ./Drivers/STM32F1xx_HAL_Driver/Src/stm32f1xx_ll_utils.o
                0x08000f28                LL_Init1msTick
 *fill*         0x08000f42        0x2 
 .text.LL_SetSystemCoreClock
                0x08000f44       0x1c ./Drivers/STM32F1xx_HAL_Driver/Src/stm32f1xx_ll_utils.o
                0x08000f44                LL_SetSystemCoreClock
 .text.vListInitialise
                0x08000f60       0x3e ./Source/list.o
                0x08000f60                vListInitialise
 .text.vListInitialiseItem
                0x08000f9e       0x18 ./Source/list.o
                0x08000f9e                vListInitialiseItem
 .text.vListInsert
                0x08000fb6       0x70 ./Source/list.o
                0x08000fb6                vListInsert
 .text.uxListRemove
                0x08001026       0x52 ./Source/list.o
                0x08001026                uxListRemove
 .text.xTaskCreate
                0x08001078       0x8c ./Source/tasks.o
                0x08001078                xTaskCreate
 .text.prvInitialiseNewTask
                0x08001104       0xd0 ./Source/tasks.o
 .text.prvAddNewTaskToReadyList
                0x080011d4      0x124 ./Source/tasks.o
 .text.vTaskDelay
                0x080012f8       0x48 ./Source/tasks.o
                0x080012f8                vTaskDelay
 .text.vTaskStartScheduler
                0x08001340       0x78 ./Source/tasks.o
                0x08001340                vTaskStartScheduler
 .text.vTaskSuspendAll
                0x080013b8       0x1c ./Source/tasks.o
                0x080013b8                vTaskSuspendAll
 .text.xTaskResumeAll
                0x080013d4      0x1d8 ./Source/tasks.o
                0x080013d4                xTaskResumeAll
 .text.xTaskIncrementTick
                0x080015ac      0x20c ./Source/tasks.o
                0x080015ac                xTaskIncrementTick
 .text.vTaskSwitchContext
                0x080017b8       0x8c ./Source/tasks.o
                0x080017b8                vTaskSwitchContext
 .text.prvIdleTask
                0x08001844       0x30 ./Source/tasks.o
 .text.prvInitialiseTaskLists
                0x08001874       0x80 ./Source/tasks.o
 .text.prvCheckTasksWaitingTermination
                0x080018f4       0x5c ./Source/tasks.o
 .text.prvDeleteTCB
                0x08001950       0x20 ./Source/tasks.o
 .text.prvResetNextTaskUnblockTime
                0x08001970       0x34 ./Source/tasks.o
 .text.prvAddCurrentTaskToDelayedList
                0x080019a4      0x100 ./Source/tasks.o
 .text.pxPortInitialiseStack
                0x08001aa4       0x58 ./Source/portable/GCC/ARM_CM3/port.o
                0x08001aa4                pxPortInitialiseStack
 .text.prvTaskExitError
                0x08001afc       0x32 ./Source/portable/GCC/ARM_CM3/port.o
 *fill*         0x08001b2e        0x2 
 .text.vPortSVCHandler
                0x08001b30       0x28 ./Source/portable/GCC/ARM_CM3/port.o
                0x08001b30                vPortSVCHandler
 .text.prvPortStartFirstTask
                0x08001b58       0x24 ./Source/portable/GCC/ARM_CM3/port.o
 .text.xPortStartScheduler
                0x08001b7c       0x40 ./Source/portable/GCC/ARM_CM3/port.o
                0x08001b7c                xPortStartScheduler
 .text.vPortEnterCritical
                0x08001bbc       0x34 ./Source/portable/GCC/ARM_CM3/port.o
                0x08001bbc                vPortEnterCritical
 .text.vPortExitCritical
                0x08001bf0       0x34 ./Source/portable/GCC/ARM_CM3/port.o
                0x08001bf0                vPortExitCritical
 *fill*         0x08001c24        0xc 
 .text.xPortPendSVHandler
                0x08001c30       0x48 ./Source/portable/GCC/ARM_CM3/port.o
                0x08001c30                xPortPendSVHandler
 .text.xPortSysTickHandler
                0x08001c78       0x44 ./Source/portable/GCC/ARM_CM3/port.o
                0x08001c78                xPortSysTickHandler
 .text.vPortSetupTimerInterrupt
                0x08001cbc       0x34 ./Source/portable/GCC/ARM_CM3/port.o
                0x08001cbc                vPortSetupTimerInterrupt
 .text.pvPortMalloc
                0x08001cf0      0x13c ./Source/portable/MemMang/heap_2.o
                0x08001cf0                pvPortMalloc
 .text.vPortFree
                0x08001e2c       0x98 ./Source/portable/MemMang/heap_2.o
                0x08001e2c                vPortFree
 .text.prvHeapInit
                0x08001ec4       0x50 ./Source/portable/MemMang/heap_2.o
 .text.LL_USART_IsActiveFlag_TXE
                0x08001f14       0x24 ./UARTStdio/uartstdio.o
 .text.LL_USART_EnableIT_RXNE
                0x08001f38       0x44 ./UARTStdio/uartstdio.o
 .text.LL_USART_EnableIT_TXE
                0x08001f7c       0x44 ./UARTStdio/uartstdio.o
 .text.LL_USART_DisableIT_RXNE
                0x08001fc0       0x44 ./UARTStdio/uartstdio.o
 .text.LL_USART_DisableIT_TXE
                0x08002004       0x44 ./UARTStdio/uartstdio.o
 .text.LL_USART_TransmitData8
                0x08002048       0x1c ./UARTStdio/uartstdio.o
 .text.IsBufferFull
                0x08002064       0x40 ./UARTStdio/uartstdio.o
 .text.IsBufferEmpty
                0x080020a4       0x2e ./UARTStdio/uartstdio.o
 *fill*         0x080020d2        0x2 
 .text.UARTPrimeTransmit
                0x080020d4       0x68 ./UARTStdio/uartstdio.o
 .text.UARTStdioConfig
                0x0800213c       0x3c ./UARTStdio/uartstdio.o
                0x0800213c                UARTStdioConfig
 .text.UARTwrite
                0x08002178       0xd8 ./UARTStdio/uartstdio.o
                0x08002178                UARTwrite
 .text.UARTvprintf
                0x08002250      0x3e8 ./UARTStdio/uartstdio.o
                0x08002250                UARTvprintf
 .text.UARTprintf
                0x08002638       0x24 ./UARTStdio/uartstdio.o
                0x08002638                UARTprintf
 .text.UARTFlushRx
                0x0800265c       0x34 ./UARTStdio/uartstdio.o
                0x0800265c                UARTFlushRx
 .text.UARTFlushTx
                0x08002690       0x54 ./UARTStdio/uartstdio.o
                0x08002690                UARTFlushTx
 .text.UARTStdioIntHandler
                0x080026e4      0x19c ./UARTStdio/uartstdio.o
                0x080026e4                UARTStdioIntHandler
 .text.memset   0x08002880       0x10 C:/ST/STM32CubeIDE_1.15.1/STM32CubeIDE/plugins/com.st.stm32cube.ide.mcu.externaltools.gnu-tools-for-stm32.12.3.rel1.win32_1.0.100.202403111256/tools/bin/../lib/gcc/arm-none-eabi/12.3.1/../../../../arm-none-eabi/lib/thumb/v7-m/nofp\libc_nano.a(libc_a-memset.o)
                0x08002880                memset
 .text.__libc_init_array
                0x08002890       0x48 C:/ST/STM32CubeIDE_1.15.1/STM32CubeIDE/plugins/com.st.stm32cube.ide.mcu.externaltools.gnu-tools-for-stm32.12.3.rel1.win32_1.0.100.202403111256/tools/bin/../lib/gcc/arm-none-eabi/12.3.1/../../../../arm-none-eabi/lib/thumb/v7-m/nofp\libc_nano.a(libc_a-init.o)
                0x08002890                __libc_init_array
 *(.glue_7)
 .glue_7        0x080028d8        0x0 linker stubs
 *(.glue_7t)
 .glue_7t       0x080028d8        0x0 linker stubs
 *(.eh_frame)
 .eh_frame      0x080028d8        0x0 C:/ST/STM32CubeIDE_1.15.1/STM32CubeIDE/plugins/com.st.stm32cube.ide.mcu.externaltools.gnu-tools-for-stm32.12.3.rel1.win32_1.0.100.202403111256/tools/bin/../lib/gcc/arm-none-eabi/12.3.1/thumb/v7-m/nofp/crtbegin.o
 *(.init)
 .init          0x080028d8        0x4 C:/ST/STM32CubeIDE_1.15.1/STM32CubeIDE/plugins/com.st.stm32cube.ide.mcu.externaltools.gnu-tools-for-stm32.12.3.rel1.win32_1.0.100.202403111256/tools/bin/../lib/gcc/arm-none-eabi/12.3.1/thumb/v7-m/nofp/crti.o
                0x080028d8                _init
 .init          0x080028dc        0x8 C:/ST/STM32CubeIDE_1.15.1/STM32CubeIDE/plugins/com.st.stm32cube.ide.mcu.externaltools.gnu-tools-for-stm32.12.3.rel1.win32_1.0.100.202403111256/tools/bin/../lib/gcc/arm-none-eabi/12.3.1/thumb/v7-m/nofp/crtn.o
 *(.fini)
 .fini          0x080028e4        0x4 C:/ST/STM32CubeIDE_1.15.1/STM32CubeIDE/plugins/com.st.stm32cube.ide.mcu.externaltools.gnu-tools-for-stm32.12.3.rel1.win32_1.0.100.202403111256/tools/bin/../lib/gcc/arm-none-eabi/12.3.1/thumb/v7-m/nofp/crti.o
                0x080028e4                _fini
 .fini          0x080028e8        0x8 C:/ST/STM32CubeIDE_1.15.1/STM32CubeIDE/plugins/com.st.stm32cube.ide.mcu.externaltools.gnu-tools-for-stm32.12.3.rel1.win32_1.0.100.202403111256/tools/bin/../lib/gcc/arm-none-eabi/12.3.1/thumb/v7-m/nofp/crtn.o
                0x080028f0                        . = ALIGN (0x4)
                0x080028f0                        _etext = .

.vfp11_veneer   0x080028f0        0x0
 .vfp11_veneer  0x080028f0        0x0 linker stubs

.v4_bx          0x080028f0        0x0
 .v4_bx         0x080028f0        0x0 linker stubs

.iplt           0x080028f0        0x0
 .iplt          0x080028f0        0x0 C:/ST/STM32CubeIDE_1.15.1/STM32CubeIDE/plugins/com.st.stm32cube.ide.mcu.externaltools.gnu-tools-for-stm32.12.3.rel1.win32_1.0.100.202403111256/tools/bin/../lib/gcc/arm-none-eabi/12.3.1/thumb/v7-m/nofp/crtbegin.o

.rodata         0x080028f0       0x84
                0x080028f0                        . = ALIGN (0x4)
 *(.rodata)
 .rodata        0x080028f0       0x39 ./Core/Src/main.o
 *fill*         0x08002929        0x3 
 .rodata        0x0800292c        0x5 ./Source/tasks.o
 *fill*         0x08002931        0x3 
 .rodata        0x08002934       0x26 ./UARTStdio/uartstdio.o
 *(.rodata*)
 *fill*         0x0800295a        0x2 
 .rodata.AHBPrescTable
                0x0800295c       0x10 ./Core/Src/system_stm32f1xx.o
                0x0800295c                AHBPrescTable
 .rodata.APBPrescTable
                0x0800296c        0x8 ./Core/Src/system_stm32f1xx.o
                0x0800296c                APBPrescTable
                0x08002974                        . = ALIGN (0x4)

.rel.dyn        0x08002974        0x0
 .rel.iplt      0x08002974        0x0 C:/ST/STM32CubeIDE_1.15.1/STM32CubeIDE/plugins/com.st.stm32cube.ide.mcu.externaltools.gnu-tools-for-stm32.12.3.rel1.win32_1.0.100.202403111256/tools/bin/../lib/gcc/arm-none-eabi/12.3.1/thumb/v7-m/nofp/crtbegin.o

.ARM.extab      0x08002974        0x0
                0x08002974                        . = ALIGN (0x4)
 *(.ARM.extab* .gnu.linkonce.armextab.*)
                0x08002974                        . = ALIGN (0x4)

.ARM            0x08002974        0x0
                0x08002974                        . = ALIGN (0x4)
                0x08002974                        __exidx_start = .
 *(.ARM.exidx*)
                0x08002974                        __exidx_end = .
                0x08002974                        . = ALIGN (0x4)

.preinit_array  0x08002974        0x0
                0x08002974                        . = ALIGN (0x4)
                0x08002974                        PROVIDE (__preinit_array_start = .)
 *(.preinit_array*)
                0x08002974                        PROVIDE (__preinit_array_end = .)
                0x08002974                        . = ALIGN (0x4)

.init_array     0x08002974        0x4
                0x08002974                        . = ALIGN (0x4)
                0x08002974                        PROVIDE (__init_array_start = .)
 *(SORT_BY_NAME(.init_array.*))
 *(.init_array*)
 .init_array    0x08002974        0x4 C:/ST/STM32CubeIDE_1.15.1/STM32CubeIDE/plugins/com.st.stm32cube.ide.mcu.externaltools.gnu-tools-for-stm32.12.3.rel1.win32_1.0.100.202403111256/tools/bin/../lib/gcc/arm-none-eabi/12.3.1/thumb/v7-m/nofp/crtbegin.o
                0x08002978                        PROVIDE (__init_array_end = .)
                0x08002978                        . = ALIGN (0x4)

.fini_array     0x08002978        0x4
                0x08002978                        . = ALIGN (0x4)
                [!provide]                        PROVIDE (__fini_array_start = .)
 *(SORT_BY_NAME(.fini_array.*))
 *(.fini_array*)
 .fini_array    0x08002978        0x4 C:/ST/STM32CubeIDE_1.15.1/STM32CubeIDE/plugins/com.st.stm32cube.ide.mcu.externaltools.gnu-tools-for-stm32.12.3.rel1.win32_1.0.100.202403111256/tools/bin/../lib/gcc/arm-none-eabi/12.3.1/thumb/v7-m/nofp/crtbegin.o
                [!provide]                        PROVIDE (__fini_array_end = .)
                0x0800297c                        . = ALIGN (0x4)
                0x0800297c                        _sidata = LOADADDR (.data)

.data           0x20000000       0x10 load address 0x0800297c
                0x20000000                        . = ALIGN (0x4)
                0x20000000                        _sdata = .
 *(.data)
 *(.data*)
 .data.SystemCoreClock
                0x20000000        0x4 ./Core/Src/system_stm32f1xx.o
                0x20000000                SystemCoreClock
 .data.uxTopUsedPriority
                0x20000004        0x4 ./Source/tasks.o
                0x20000004                uxTopUsedPriority
 .data.uxCriticalNesting
                0x20000008        0x4 ./Source/portable/GCC/ARM_CM3/port.o
 .data.xFreeBytesRemaining
                0x2000000c        0x4 ./Source/portable/MemMang/heap_2.o
 *(.RamFunc)
 *(.RamFunc*)
                0x20000010                        . = ALIGN (0x4)
                0x20000010                        _edata = .

.igot.plt       0x20000010        0x0 load address 0x0800298c
 .igot.plt      0x20000010        0x0 C:/ST/STM32CubeIDE_1.15.1/STM32CubeIDE/plugins/com.st.stm32cube.ide.mcu.externaltools.gnu-tools-for-stm32.12.3.rel1.win32_1.0.100.202403111256/tools/bin/../lib/gcc/arm-none-eabi/12.3.1/thumb/v7-m/nofp/crtbegin.o
                0x20000010                        . = ALIGN (0x4)

.bss            0x20000010     0x49d4 load address 0x0800298c
                0x20000010                        _sbss = .
                0x20000010                        __bss_start__ = _sbss
 *(.bss)
 .bss           0x20000010       0x1c C:/ST/STM32CubeIDE_1.15.1/STM32CubeIDE/plugins/com.st.stm32cube.ide.mcu.externaltools.gnu-tools-for-stm32.12.3.rel1.win32_1.0.100.202403111256/tools/bin/../lib/gcc/arm-none-eabi/12.3.1/thumb/v7-m/nofp/crtbegin.o
 *(.bss*)
 .bss.status_task_Handle
                0x2000002c        0x4 ./Core/Src/main.o
                0x2000002c                status_task_Handle
 .bss.pxCurrentTCB
                0x20000030        0x4 ./Source/tasks.o
                0x20000030                pxCurrentTCB
 .bss.pxReadyTasksLists
                0x20000034       0x64 ./Source/tasks.o
 .bss.xDelayedTaskList1
                0x20000098       0x14 ./Source/tasks.o
 .bss.xDelayedTaskList2
                0x200000ac       0x14 ./Source/tasks.o
 .bss.pxDelayedTaskList
                0x200000c0        0x4 ./Source/tasks.o
 .bss.pxOverflowDelayedTaskList
                0x200000c4        0x4 ./Source/tasks.o
 .bss.xPendingReadyList
                0x200000c8       0x14 ./Source/tasks.o
 .bss.xTasksWaitingTermination
                0x200000dc       0x14 ./Source/tasks.o
 .bss.uxDeletedTasksWaitingCleanUp
                0x200000f0        0x4 ./Source/tasks.o
 .bss.xSuspendedTaskList
                0x200000f4       0x14 ./Source/tasks.o
 .bss.uxCurrentNumberOfTasks
                0x20000108        0x4 ./Source/tasks.o
 .bss.xTickCount
                0x2000010c        0x4 ./Source/tasks.o
 .bss.uxTopReadyPriority
                0x20000110        0x4 ./Source/tasks.o
 .bss.xSchedulerRunning
                0x20000114        0x4 ./Source/tasks.o
 .bss.xPendedTicks
                0x20000118        0x4 ./Source/tasks.o
 .bss.xYieldPending
                0x2000011c        0x4 ./Source/tasks.o
 .bss.xNumOfOverflows
                0x20000120        0x4 ./Source/tasks.o
 .bss.uxTaskNumber
                0x20000124        0x4 ./Source/tasks.o
 .bss.xNextTaskUnblockTime
                0x20000128        0x4 ./Source/tasks.o
 .bss.xIdleTaskHandle
                0x2000012c        0x4 ./Source/tasks.o
 .bss.uxSchedulerSuspended
                0x20000130        0x4 ./Source/tasks.o
 .bss.ucHeap    0x20000134     0x4400 ./Source/portable/MemMang/heap_2.o
 .bss.xStart    0x20004534        0x8 ./Source/portable/MemMang/heap_2.o
 .bss.xEnd      0x2000453c        0x8 ./Source/portable/MemMang/heap_2.o
 .bss.xHeapHasBeenInitialised.0
                0x20004544        0x4 ./Source/portable/MemMang/heap_2.o
 .bss.g_bDisableEcho
                0x20004548        0x1 ./UARTStdio/uartstdio.o
 *fill*         0x20004549        0x3 
 .bss.g_pcUARTTxBuffer
                0x2000454c      0x400 ./UARTStdio/uartstdio.o
 .bss.g_ui32UARTTxWriteIndex
                0x2000494c        0x4 ./UARTStdio/uartstdio.o
 .bss.g_ui32UARTTxReadIndex
                0x20004950        0x4 ./UARTStdio/uartstdio.o
 .bss.g_pcUARTRxBuffer
                0x20004954       0x80 ./UARTStdio/uartstdio.o
 .bss.g_ui32UARTRxWriteIndex
                0x200049d4        0x4 ./UARTStdio/uartstdio.o
 .bss.g_ui32UARTRxReadIndex
                0x200049d8        0x4 ./UARTStdio/uartstdio.o
 .bss.stdUsart  0x200049dc        0x4 ./UARTStdio/uartstdio.o
                0x200049dc                stdUsart
 .bss.bLastWasCR.0
                0x200049e0        0x1 ./UARTStdio/uartstdio.o
 *(COMMON)
                0x200049e4                        . = ALIGN (0x4)
 *fill*         0x200049e1        0x3 
                0x200049e4                        _ebss = .
                0x200049e4                        __bss_end__ = _ebss

._user_heap_stack
                0x200049e4      0x604 load address 0x0800298c
                0x200049e8                        . = ALIGN (0x8)
 *fill*         0x200049e4        0x4 
                [!provide]                        PROVIDE (end = .)
                0x200049e8                        PROVIDE (_end = .)
                0x20004be8                        . = (. + _Min_Heap_Size)
 *fill*         0x200049e8      0x200 
                0x20004fe8                        . = (. + _Min_Stack_Size)
 *fill*         0x20004be8      0x400 
                0x20004fe8                        . = ALIGN (0x8)

/DISCARD/
 libc.a(*)
 libm.a(*)
 libgcc.a(*)

.ARM.attributes
                0x00000000       0x29
 *(.ARM.attributes)
 .ARM.attributes
                0x00000000       0x1d C:/ST/STM32CubeIDE_1.15.1/STM32CubeIDE/plugins/com.st.stm32cube.ide.mcu.externaltools.gnu-tools-for-stm32.12.3.rel1.win32_1.0.100.202403111256/tools/bin/../lib/gcc/arm-none-eabi/12.3.1/thumb/v7-m/nofp/crti.o
 .ARM.attributes
                0x0000001d       0x2d C:/ST/STM32CubeIDE_1.15.1/STM32CubeIDE/plugins/com.st.stm32cube.ide.mcu.externaltools.gnu-tools-for-stm32.12.3.rel1.win32_1.0.100.202403111256/tools/bin/../lib/gcc/arm-none-eabi/12.3.1/thumb/v7-m/nofp/crtbegin.o
 .ARM.attributes
                0x0000004a       0x2d ./Core/Src/main.o
 .ARM.attributes
                0x00000077       0x2d ./Core/Src/stm32f1xx_it.o
 .ARM.attributes
                0x000000a4       0x2d ./Core/Src/system_stm32f1xx.o
 .ARM.attributes
                0x000000d1       0x21 ./Core/Startup/startup_stm32f103c8tx.o
 .ARM.attributes
                0x000000f2       0x2d ./Drivers/STM32F1xx_HAL_Driver/Src/stm32f1xx_ll_gpio.o
 .ARM.attributes
                0x0000011f       0x2d ./Drivers/STM32F1xx_HAL_Driver/Src/stm32f1xx_ll_rcc.o
 .ARM.attributes
                0x0000014c       0x2d ./Drivers/STM32F1xx_HAL_Driver/Src/stm32f1xx_ll_usart.o
 .ARM.attributes
                0x00000179       0x2d ./Drivers/STM32F1xx_HAL_Driver/Src/stm32f1xx_ll_utils.o
 .ARM.attributes
                0x000001a6       0x2d ./Source/list.o
 .ARM.attributes
                0x000001d3       0x2d ./Source/tasks.o
 .ARM.attributes
                0x00000200       0x2d ./Source/portable/GCC/ARM_CM3/port.o
 .ARM.attributes
                0x0000022d       0x2d ./Source/portable/MemMang/heap_2.o
 .ARM.attributes
                0x0000025a       0x2d ./UARTStdio/uartstdio.o
 .ARM.attributes
                0x00000287       0x2d C:/ST/STM32CubeIDE_1.15.1/STM32CubeIDE/plugins/com.st.stm32cube.ide.mcu.externaltools.gnu-tools-for-stm32.12.3.rel1.win32_1.0.100.202403111256/tools/bin/../lib/gcc/arm-none-eabi/12.3.1/../../../../arm-none-eabi/lib/thumb/v7-m/nofp\libc_nano.a(libc_a-memset.o)
 .ARM.attributes
                0x000002b4       0x2d C:/ST/STM32CubeIDE_1.15.1/STM32CubeIDE/plugins/com.st.stm32cube.ide.mcu.externaltools.gnu-tools-for-stm32.12.3.rel1.win32_1.0.100.202403111256/tools/bin/../lib/gcc/arm-none-eabi/12.3.1/../../../../arm-none-eabi/lib/thumb/v7-m/nofp\libc_nano.a(libc_a-init.o)
 .ARM.attributes
                0x000002e1       0x1d C:/ST/STM32CubeIDE_1.15.1/STM32CubeIDE/plugins/com.st.stm32cube.ide.mcu.externaltools.gnu-tools-for-stm32.12.3.rel1.win32_1.0.100.202403111256/tools/bin/../lib/gcc/arm-none-eabi/12.3.1/thumb/v7-m/nofp/crtn.o
OUTPUT(STM32FreeRTOSExample.elf elf32-littlearm)
LOAD linker stubs
LOAD C:/ST/STM32CubeIDE_1.15.1/STM32CubeIDE/plugins/com.st.stm32cube.ide.mcu.externaltools.gnu-tools-for-stm32.12.3.rel1.win32_1.0.100.202403111256/tools/bin/../lib/gcc/arm-none-eabi/12.3.1/../../../../arm-none-eabi/lib/thumb/v7-m/nofp\libc.a
LOAD C:/ST/STM32CubeIDE_1.15.1/STM32CubeIDE/plugins/com.st.stm32cube.ide.mcu.externaltools.gnu-tools-for-stm32.12.3.rel1.win32_1.0.100.202403111256/tools/bin/../lib/gcc/arm-none-eabi/12.3.1/../../../../arm-none-eabi/lib/thumb/v7-m/nofp\libm.a
LOAD C:/ST/STM32CubeIDE_1.15.1/STM32CubeIDE/plugins/com.st.stm32cube.ide.mcu.externaltools.gnu-tools-for-stm32.12.3.rel1.win32_1.0.100.202403111256/tools/bin/../lib/gcc/arm-none-eabi/12.3.1/thumb/v7-m/nofp\libgcc.a

.debug_info     0x00000000     0x5962
 .debug_info    0x00000000      0xf4e ./Core/Src/main.o
 .debug_info    0x00000f4e      0x15f ./Core/Src/stm32f1xx_it.o
 .debug_info    0x000010ad      0x21b ./Core/Src/system_stm32f1xx.o
 .debug_info    0x000012c8       0x30 ./Core/Startup/startup_stm32f103c8tx.o
 .debug_info    0x000012f8      0x59a ./Drivers/STM32F1xx_HAL_Driver/Src/stm32f1xx_ll_gpio.o
 .debug_info    0x00001892      0x54b ./Drivers/STM32F1xx_HAL_Driver/Src/stm32f1xx_ll_rcc.o
 .debug_info    0x00001ddd      0x5c2 ./Drivers/STM32F1xx_HAL_Driver/Src/stm32f1xx_ll_usart.o
 .debug_info    0x0000239f      0x7e1 ./Drivers/STM32F1xx_HAL_Driver/Src/stm32f1xx_ll_utils.o
 .debug_info    0x00002b80      0x2af ./Source/list.o
 .debug_info    0x00002e2f     0x1a80 ./Source/tasks.o
 .debug_info    0x000048af      0x2e7 ./Source/portable/GCC/ARM_CM3/port.o
 .debug_info    0x00004b96      0x379 ./Source/portable/MemMang/heap_2.o
 .debug_info    0x00004f0f      0xa53 ./UARTStdio/uartstdio.o

.debug_abbrev   0x00000000     0x18f0
 .debug_abbrev  0x00000000      0x319 ./Core/Src/main.o
 .debug_abbrev  0x00000319       0xac ./Core/Src/stm32f1xx_it.o
 .debug_abbrev  0x000003c5      0x13f ./Core/Src/system_stm32f1xx.o
 .debug_abbrev  0x00000504       0x24 ./Core/Startup/startup_stm32f103c8tx.o
 .debug_abbrev  0x00000528      0x20d ./Drivers/STM32F1xx_HAL_Driver/Src/stm32f1xx_ll_gpio.o
 .debug_abbrev  0x00000735      0x273 ./Drivers/STM32F1xx_HAL_Driver/Src/stm32f1xx_ll_rcc.o
 .debug_abbrev  0x000009a8      0x1c7 ./Drivers/STM32F1xx_HAL_Driver/Src/stm32f1xx_ll_usart.o
 .debug_abbrev  0x00000b6f      0x24e ./Drivers/STM32F1xx_HAL_Driver/Src/stm32f1xx_ll_utils.o
 .debug_abbrev  0x00000dbd       0xf5 ./Source/list.o
 .debug_abbrev  0x00000eb2      0x349 ./Source/tasks.o
 .debug_abbrev  0x000011fb      0x20c ./Source/portable/GCC/ARM_CM3/port.o
 .debug_abbrev  0x00001407      0x1e2 ./Source/portable/MemMang/heap_2.o
 .debug_abbrev  0x000015e9      0x307 ./UARTStdio/uartstdio.o

.debug_aranges  0x00000000      0x7f0
 .debug_aranges
                0x00000000      0x108 ./Core/Src/main.o
 .debug_aranges
                0x00000108       0x68 ./Core/Src/stm32f1xx_it.o
 .debug_aranges
                0x00000170       0x28 ./Core/Src/system_stm32f1xx.o
 .debug_aranges
                0x00000198       0x28 ./Core/Startup/startup_stm32f103c8tx.o
 .debug_aranges
                0x000001c0       0x60 ./Drivers/STM32F1xx_HAL_Driver/Src/stm32f1xx_ll_gpio.o
 .debug_aranges
                0x00000220       0xd8 ./Drivers/STM32F1xx_HAL_Driver/Src/stm32f1xx_ll_rcc.o
 .debug_aranges
                0x000002f8       0x88 ./Drivers/STM32F1xx_HAL_Driver/Src/stm32f1xx_ll_usart.o
 .debug_aranges
                0x00000380       0xf8 ./Drivers/STM32F1xx_HAL_Driver/Src/stm32f1xx_ll_utils.o
 .debug_aranges
                0x00000478       0x40 ./Source/list.o
 .debug_aranges
                0x000004b8      0x1b0 ./Source/tasks.o
 .debug_aranges
                0x00000668       0x70 ./Source/portable/GCC/ARM_CM3/port.o
 .debug_aranges
                0x000006d8       0x48 ./Source/portable/MemMang/heap_2.o
 .debug_aranges
                0x00000720       0xd0 ./UARTStdio/uartstdio.o

.debug_rnglists
                0x00000000      0x5dc
 .debug_rnglists
                0x00000000       0xc4 ./Core/Src/main.o
 .debug_rnglists
                0x000000c4       0x49 ./Core/Src/stm32f1xx_it.o
 .debug_rnglists
                0x0000010d       0x1a ./Core/Src/system_stm32f1xx.o
 .debug_rnglists
                0x00000127       0x19 ./Core/Startup/startup_stm32f103c8tx.o
 .debug_rnglists
                0x00000140       0x45 ./Drivers/STM32F1xx_HAL_Driver/Src/stm32f1xx_ll_gpio.o
 .debug_rnglists
                0x00000185       0x9d ./Drivers/STM32F1xx_HAL_Driver/Src/stm32f1xx_ll_rcc.o
 .debug_rnglists
                0x00000222       0x63 ./Drivers/STM32F1xx_HAL_Driver/Src/stm32f1xx_ll_usart.o
 .debug_rnglists
                0x00000285       0xb7 ./Drivers/STM32F1xx_HAL_Driver/Src/stm32f1xx_ll_utils.o
 .debug_rnglists
                0x0000033c       0x2b ./Source/list.o
 .debug_rnglists
                0x00000367      0x158 ./Source/tasks.o
 .debug_rnglists
                0x000004bf       0x4f ./Source/portable/GCC/ARM_CM3/port.o
 .debug_rnglists
                0x0000050e       0x33 ./Source/portable/MemMang/heap_2.o
 .debug_rnglists
                0x00000541       0x9b ./UARTStdio/uartstdio.o

.debug_macro    0x00000000    0x12e7d
 .debug_macro   0x00000000      0x1be ./Core/Src/main.o
 .debug_macro   0x000001be      0xad8 ./Core/Src/main.o
 .debug_macro   0x00000c96       0x2e ./Core/Src/main.o
 .debug_macro   0x00000cc4       0x22 ./Core/Src/main.o
 .debug_macro   0x00000ce6       0x22 ./Core/Src/main.o
 .debug_macro   0x00000d08       0x8e ./Core/Src/main.o
 .debug_macro   0x00000d96       0x51 ./Core/Src/main.o
 .debug_macro   0x00000de7      0x103 ./Core/Src/main.o
 .debug_macro   0x00000eea       0x6a ./Core/Src/main.o
 .debug_macro   0x00000f54      0x1df ./Core/Src/main.o
 .debug_macro   0x00001133       0x1c ./Core/Src/main.o
 .debug_macro   0x0000114f       0x22 ./Core/Src/main.o
 .debug_macro   0x00001171       0xbd ./Core/Src/main.o
 .debug_macro   0x0000122e      0xd23 ./Core/Src/main.o
 .debug_macro   0x00001f51     0xe09e ./Core/Src/main.o
 .debug_macro   0x0000ffef       0x6d ./Core/Src/main.o
 .debug_macro   0x0001005c      0x2b8 ./Core/Src/main.o
 .debug_macro   0x00010314       0xd7 ./Core/Src/main.o
 .debug_macro   0x000103eb       0x74 ./Core/Src/main.o
 .debug_macro   0x0001045f       0xd0 ./Core/Src/main.o
 .debug_macro   0x0001052f       0x28 ./Core/Src/main.o
 .debug_macro   0x00010557       0x2a ./Core/Src/main.o
 .debug_macro   0x00010581       0x90 ./Core/Src/main.o
 .debug_macro   0x00010611      0x287 ./Core/Src/main.o
 .debug_macro   0x00010898      0x1b4 ./Core/Src/main.o
 .debug_macro   0x00010a4c      0x229 ./Core/Src/main.o
 .debug_macro   0x00010c75       0x5e ./Core/Src/main.o
 .debug_macro   0x00010cd3       0x22 ./Core/Src/main.o
 .debug_macro   0x00010cf5      0x189 ./Core/Src/main.o
 .debug_macro   0x00010e7e       0x94 ./Core/Src/main.o
 .debug_macro   0x00010f12      0x15a ./Core/Src/main.o
 .debug_macro   0x0001106c       0xe3 ./Core/Src/main.o
 .debug_macro   0x0001114f       0x28 ./Core/Src/main.o
 .debug_macro   0x00011177       0x1f ./Core/Src/main.o
 .debug_macro   0x00011196       0x12 ./Core/Src/main.o
 .debug_macro   0x000111a8      0x588 ./Core/Src/main.o
 .debug_macro   0x00011730       0xc3 ./Core/Src/main.o
 .debug_macro   0x000117f3      0x120 ./Core/Src/main.o
 .debug_macro   0x00011913       0x58 ./Core/Src/main.o
 .debug_macro   0x0001196b       0x16 ./Core/Src/main.o
 .debug_macro   0x00011981      0x156 ./Core/Src/stm32f1xx_it.o
 .debug_macro   0x00011ad7       0xbc ./Core/Src/system_stm32f1xx.o
 .debug_macro   0x00011b93       0xf8 ./Drivers/STM32F1xx_HAL_Driver/Src/stm32f1xx_ll_gpio.o
 .debug_macro   0x00011c8b      0x223 ./Drivers/STM32F1xx_HAL_Driver/Src/stm32f1xx_ll_gpio.o
 .debug_macro   0x00011eae       0xdd ./Drivers/STM32F1xx_HAL_Driver/Src/stm32f1xx_ll_rcc.o
 .debug_macro   0x00011f8b      0x12b ./Drivers/STM32F1xx_HAL_Driver/Src/stm32f1xx_ll_usart.o
 .debug_macro   0x000120b6      0x1ae ./Drivers/STM32F1xx_HAL_Driver/Src/stm32f1xx_ll_usart.o
 .debug_macro   0x00012264      0x139 ./Drivers/STM32F1xx_HAL_Driver/Src/stm32f1xx_ll_utils.o
 .debug_macro   0x0001239d      0x1f7 ./Source/list.o
 .debug_macro   0x00012594      0x2dd ./Source/tasks.o
 .debug_macro   0x00012871       0x17 ./Source/tasks.o
 .debug_macro   0x00012888      0x1e2 ./Source/portable/GCC/ARM_CM3/port.o
 .debug_macro   0x00012a6a      0x285 ./Source/portable/MemMang/heap_2.o
 .debug_macro   0x00012cef      0x18e ./UARTStdio/uartstdio.o

.debug_line     0x00000000     0x784e
 .debug_line    0x00000000      0xc02 ./Core/Src/main.o
 .debug_line    0x00000c02      0x72d ./Core/Src/stm32f1xx_it.o
 .debug_line    0x0000132f      0x568 ./Core/Src/system_stm32f1xx.o
 .debug_line    0x00001897       0x79 ./Core/Startup/startup_stm32f103c8tx.o
 .debug_line    0x00001910      0x772 ./Drivers/STM32F1xx_HAL_Driver/Src/stm32f1xx_ll_gpio.o
 .debug_line    0x00002082      0x88e ./Drivers/STM32F1xx_HAL_Driver/Src/stm32f1xx_ll_rcc.o
 .debug_line    0x00002910      0x742 ./Drivers/STM32F1xx_HAL_Driver/Src/stm32f1xx_ll_usart.o
 .debug_line    0x00003052      0x98e ./Drivers/STM32F1xx_HAL_Driver/Src/stm32f1xx_ll_utils.o
 .debug_line    0x000039e0      0x85b ./Source/list.o
 .debug_line    0x0000423b     0x1774 ./Source/tasks.o
 .debug_line    0x000059af      0x7d3 ./Source/portable/GCC/ARM_CM3/port.o
 .debug_line    0x00006182      0x959 ./Source/portable/MemMang/heap_2.o
 .debug_line    0x00006adb      0xd73 ./UARTStdio/uartstdio.o

.debug_str      0x00000000    0x67034
 .debug_str     0x00000000    0x5f357 ./Core/Src/main.o
                              0x5f796 (size before relaxing)
 .debug_str     0x0005f357       0xe3 ./Core/Src/stm32f1xx_it.o
                              0x59d69 (size before relaxing)
 .debug_str     0x0005f43a       0x74 ./Core/Src/system_stm32f1xx.o
                              0x54749 (size before relaxing)
 .debug_str     0x0005f4ae       0x44 ./Core/Startup/startup_stm32f103c8tx.o
                                 0x6e (size before relaxing)
 .debug_str     0x0005f4f2      0x3fd ./Drivers/STM32F1xx_HAL_Driver/Src/stm32f1xx_ll_gpio.o
                              0x5608c (size before relaxing)
 .debug_str     0x0005f8ef      0x33a ./Drivers/STM32F1xx_HAL_Driver/Src/stm32f1xx_ll_rcc.o
                              0x55c13 (size before relaxing)
 .debug_str     0x0005fc29      0x801 ./Drivers/STM32F1xx_HAL_Driver/Src/stm32f1xx_ll_usart.o
                              0x57494 (size before relaxing)
 .debug_str     0x0006042a      0xade ./Drivers/STM32F1xx_HAL_Driver/Src/stm32f1xx_ll_utils.o
                              0x56908 (size before relaxing)
 .debug_str     0x00060f08     0x3321 ./Source/list.o
                              0x5b8e8 (size before relaxing)
 .debug_str     0x00064229     0x1b49 ./Source/tasks.o
                              0x5e74e (size before relaxing)
 .debug_str     0x00065d72      0x63f ./Source/portable/GCC/ARM_CM3/port.o
                              0x59f4e (size before relaxing)
 .debug_str     0x000663b1      0x640 ./Source/portable/MemMang/heap_2.o
                              0x5d133 (size before relaxing)
 .debug_str     0x000669f1      0x643 ./UARTStdio/uartstdio.o
                              0x5a3ba (size before relaxing)

.comment        0x00000000       0x43
 .comment       0x00000000       0x43 ./Core/Src/main.o
                                 0x44 (size before relaxing)
 .comment       0x00000043       0x44 ./Core/Src/stm32f1xx_it.o
 .comment       0x00000043       0x44 ./Core/Src/system_stm32f1xx.o
 .comment       0x00000043       0x44 ./Drivers/STM32F1xx_HAL_Driver/Src/stm32f1xx_ll_gpio.o
 .comment       0x00000043       0x44 ./Drivers/STM32F1xx_HAL_Driver/Src/stm32f1xx_ll_rcc.o
 .comment       0x00000043       0x44 ./Drivers/STM32F1xx_HAL_Driver/Src/stm32f1xx_ll_usart.o
 .comment       0x00000043       0x44 ./Drivers/STM32F1xx_HAL_Driver/Src/stm32f1xx_ll_utils.o
 .comment       0x00000043       0x44 ./Source/list.o
 .comment       0x00000043       0x44 ./Source/tasks.o
 .comment       0x00000043       0x44 ./Source/portable/GCC/ARM_CM3/port.o
 .comment       0x00000043       0x44 ./Source/portable/MemMang/heap_2.o
 .comment       0x00000043       0x44 ./UARTStdio/uartstdio.o

.debug_frame    0x00000000     0x1ef8
 .debug_frame   0x00000000      0x450 ./Core/Src/main.o
 .debug_frame   0x00000450      0x124 ./Core/Src/stm32f1xx_it.o
 .debug_frame   0x00000574       0x58 ./Core/Src/system_stm32f1xx.o
 .debug_frame   0x000005cc      0x170 ./Drivers/STM32F1xx_HAL_Driver/Src/stm32f1xx_ll_gpio.o
 .debug_frame   0x0000073c      0x34c ./Drivers/STM32F1xx_HAL_Driver/Src/stm32f1xx_ll_rcc.o
 .debug_frame   0x00000a88      0x234 ./Drivers/STM32F1xx_HAL_Driver/Src/stm32f1xx_ll_usart.o
 .debug_frame   0x00000cbc      0x400 ./Drivers/STM32F1xx_HAL_Driver/Src/stm32f1xx_ll_utils.o
 .debug_frame   0x000010bc       0xd8 ./Source/list.o
 .debug_frame   0x00001194      0x75c ./Source/tasks.o
 .debug_frame   0x000018f0      0x160 ./Source/portable/GCC/ARM_CM3/port.o
 .debug_frame   0x00001a50       0xe4 ./Source/portable/MemMang/heap_2.o
 .debug_frame   0x00001b34      0x378 ./UARTStdio/uartstdio.o
 .debug_frame   0x00001eac       0x20 C:/ST/STM32CubeIDE_1.15.1/STM32CubeIDE/plugins/com.st.stm32cube.ide.mcu.externaltools.gnu-tools-for-stm32.12.3.rel1.win32_1.0.100.202403111256/tools/bin/../lib/gcc/arm-none-eabi/12.3.1/../../../../arm-none-eabi/lib/thumb/v7-m/nofp\libc_nano.a(libc_a-memset.o)
 .debug_frame   0x00001ecc       0x2c C:/ST/STM32CubeIDE_1.15.1/STM32CubeIDE/plugins/com.st.stm32cube.ide.mcu.externaltools.gnu-tools-for-stm32.12.3.rel1.win32_1.0.100.202403111256/tools/bin/../lib/gcc/arm-none-eabi/12.3.1/../../../../arm-none-eabi/lib/thumb/v7-m/nofp\libc_nano.a(libc_a-init.o)

.debug_line_str
                0x00000000       0x52
 .debug_line_str
                0x00000000       0x52 ./Core/Startup/startup_stm32f103c8tx.o
