../Source/portable/GCC/ARM_CM3/port.c:199:13:prvTaskExitError	8	static,ignoring_inline_asm
../Source/portable/GCC/ARM_CM3/port.c:245:13:prvPortStartFirstTask	0	static,ignoring_inline_asm
../Source/portable/GCC/ARM_CM3/port.c:179:15:pxPortInitialiseStack	0	static
../Source/portable/GCC/ARM_CM3/port.c:225:6:vPortSVCHandler	0	static,ignoring_inline_asm
../Source/portable/GCC/ARM_CM3/port.c:363:6:vPortEndScheduler	0	static
../Source/portable/GCC/ARM_CM3/port.c:371:6:vPortEnterCritical	0	static,ignoring_inline_asm
../Source/portable/GCC/ARM_CM3/port.c:388:6:vPortExitCritical	0	static,ignoring_inline_asm
../Source/portable/GCC/ARM_CM3/port.c:400:6:xPortPendSVHandler	0	static,ignoring_inline_asm
../Source/portable/GCC/ARM_CM3/port.c:437:6:xPortSysTickHandler	8	static,ignoring_inline_asm
../Source/portable/GCC/ARM_CM3/port.c:682:32:vPortSetupTimerInterrupt	0	static
../Source/portable/GCC/ARM_CM3/port.c:266:12:xPortStartScheduler	8	static
