../Source/queue.c:2399:19:prvIsQueueEmpty	8	static
../Source/queue.c:2175:19:prvCopyDataToQueue	16	static
../Source/queue.c:2258:13:prvCopyDataFromQueue	4	static
../Source/queue.c:2279:13:prvUnlockQueue	16	static
../Source/queue.c:296:12:xQueueGenericReset	16	static,ignoring_inline_asm
../Source/queue.c:428:19:xQueueGenericCreate	16	static
../Source/queue.c:835:12:xQueueGenericSend	40	static,ignoring_inline_asm
../Source/queue.c:572:19:xQueueCreateMutex	8	static
../Source/queue.c:1047:12:xQueueGenericSendFromISR	24	static,ignoring_inline_asm
../Source/queue.c:1212:12:xQueueGiveFromISR	24	static,ignoring_inline_asm
../Source/queue.c:1378:12:xQueueReceive	40	static,ignoring_inline_asm
../Source/queue.c:1521:12:xQueueSemaphoreTake	40	static,ignoring_inline_asm
../Source/queue.c:1731:12:xQueuePeek	40	static,ignoring_inline_asm
../Source/queue.c:1882:12:xQueueReceiveFromISR	24	static,ignoring_inline_asm
../Source/queue.c:1975:12:xQueuePeekFromISR	16	static,ignoring_inline_asm
../Source/queue.c:2030:13:uxQueueMessagesWaiting	8	static
../Source/queue.c:2046:13:uxQueueSpacesAvailable	8	static
../Source/queue.c:2063:13:uxQueueMessagesWaitingFromISR	0	static
../Source/queue.c:2075:6:vQueueDelete	0	static
../Source/queue.c:2420:12:xQueueIsQueueEmptyFromISR	0	static
../Source/queue.c:2461:12:xQueueIsQueueFullFromISR	0	static
