../Source/stream_buffer.c:1338:15:prvBytesInBuffer	0	static
../Source/stream_buffer.c:1248:15:prvWriteBytesToBuffer	24	static
../Source/stream_buffer.c:824:15:prvWriteMessageToBuffer	24	static
../Source/stream_buffer.c:1294:15:prvReadBytesFromBuffer	24	static
../Source/stream_buffer.c:1075:15:prvReadMessageFromBuffer	32	static
../Source/stream_buffer.c:321:26:xStreamBufferGenericCreate	24	static
../Source/stream_buffer.c:477:6:vStreamBufferDelete	0	static
../Source/stream_buffer.c:510:12:xStreamBufferReset	24	static
../Source/stream_buffer.c:567:12:xStreamBufferSetTriggerLevel	0	static
../Source/stream_buffer.c:597:8:xStreamBufferSpacesAvailable	12	static
../Source/stream_buffer.c:630:8:xStreamBufferBytesAvailable	0	static
../Source/stream_buffer.c:642:8:xStreamBufferSend	56	static
../Source/stream_buffer.c:773:8:xStreamBufferSendFromISR	32	static,ignoring_inline_asm
../Source/stream_buffer.c:874:8:xStreamBufferReceive	40	static
../Source/stream_buffer.c:978:8:xStreamBufferNextMessageLengthBytes	16	static
../Source/stream_buffer.c:1018:8:xStreamBufferReceiveFromISR	32	static,ignoring_inline_asm
../Source/stream_buffer.c:1127:12:xStreamBufferIsEmpty	0	static
../Source/stream_buffer.c:1151:12:xStreamBufferIsFull	8	static
../Source/stream_buffer.c:1186:12:xStreamBufferSendCompletedFromISR	24	static,ignoring_inline_asm
../Source/stream_buffer.c:1217:12:xStreamBufferReceiveCompletedFromISR	24	static,ignoring_inline_asm
