Archive member included to satisfy reference by file (symbol)

C:/ST/STM32CubeIDE_1.15.1/STM32CubeIDE/plugins/com.st.stm32cube.ide.mcu.externaltools.gnu-tools-for-stm32.12.3.rel1.win32_1.0.100.202403111256/tools/bin/../lib/gcc/arm-none-eabi/12.3.1/../../../../arm-none-eabi/lib/thumb/v7-m/nofp\libc_nano.a(libc_a-exit.o)
                              C:/ST/STM32CubeIDE_1.15.1/STM32CubeIDE/plugins/com.st.stm32cube.ide.mcu.externaltools.gnu-tools-for-stm32.12.3.rel1.win32_1.0.100.202403111256/tools/bin/../lib/gcc/arm-none-eabi/12.3.1/../../../../arm-none-eabi/lib/thumb/v7-m/nofp/crt0.o (exit)
C:/ST/STM32CubeIDE_1.15.1/STM32CubeIDE/plugins/com.st.stm32cube.ide.mcu.externaltools.gnu-tools-for-stm32.12.3.rel1.win32_1.0.100.202403111256/tools/bin/../lib/gcc/arm-none-eabi/12.3.1/../../../../arm-none-eabi/lib/thumb/v7-m/nofp\libc_nano.a(libc_a-findfp.o)
                              C:/ST/STM32CubeIDE_1.15.1/STM32CubeIDE/plugins/com.st.stm32cube.ide.mcu.externaltools.gnu-tools-for-stm32.12.3.rel1.win32_1.0.100.202403111256/tools/bin/../lib/gcc/arm-none-eabi/12.3.1/../../../../arm-none-eabi/lib/thumb/v7-m/nofp\libc_nano.a(libc_a-exit.o) (__stdio_exit_handler)
C:/ST/STM32CubeIDE_1.15.1/STM32CubeIDE/plugins/com.st.stm32cube.ide.mcu.externaltools.gnu-tools-for-stm32.12.3.rel1.win32_1.0.100.202403111256/tools/bin/../lib/gcc/arm-none-eabi/12.3.1/../../../../arm-none-eabi/lib/thumb/v7-m/nofp\libc_nano.a(libc_a-fwalk.o)
                              C:/ST/STM32CubeIDE_1.15.1/STM32CubeIDE/plugins/com.st.stm32cube.ide.mcu.externaltools.gnu-tools-for-stm32.12.3.rel1.win32_1.0.100.202403111256/tools/bin/../lib/gcc/arm-none-eabi/12.3.1/../../../../arm-none-eabi/lib/thumb/v7-m/nofp\libc_nano.a(libc_a-findfp.o) (_fwalk_sglue)
C:/ST/STM32CubeIDE_1.15.1/STM32CubeIDE/plugins/com.st.stm32cube.ide.mcu.externaltools.gnu-tools-for-stm32.12.3.rel1.win32_1.0.100.202403111256/tools/bin/../lib/gcc/arm-none-eabi/12.3.1/../../../../arm-none-eabi/lib/thumb/v7-m/nofp\libc_nano.a(libc_a-stdio.o)
                              C:/ST/STM32CubeIDE_1.15.1/STM32CubeIDE/plugins/com.st.stm32cube.ide.mcu.externaltools.gnu-tools-for-stm32.12.3.rel1.win32_1.0.100.202403111256/tools/bin/../lib/gcc/arm-none-eabi/12.3.1/../../../../arm-none-eabi/lib/thumb/v7-m/nofp\libc_nano.a(libc_a-findfp.o) (__sread)
C:/ST/STM32CubeIDE_1.15.1/STM32CubeIDE/plugins/com.st.stm32cube.ide.mcu.externaltools.gnu-tools-for-stm32.12.3.rel1.win32_1.0.100.202403111256/tools/bin/../lib/gcc/arm-none-eabi/12.3.1/../../../../arm-none-eabi/lib/thumb/v7-m/nofp\libc_nano.a(libc_a-memset.o)
                              C:/ST/STM32CubeIDE_1.15.1/STM32CubeIDE/plugins/com.st.stm32cube.ide.mcu.externaltools.gnu-tools-for-stm32.12.3.rel1.win32_1.0.100.202403111256/tools/bin/../lib/gcc/arm-none-eabi/12.3.1/../../../../arm-none-eabi/lib/thumb/v7-m/nofp/crt0.o (memset)
C:/ST/STM32CubeIDE_1.15.1/STM32CubeIDE/plugins/com.st.stm32cube.ide.mcu.externaltools.gnu-tools-for-stm32.12.3.rel1.win32_1.0.100.202403111256/tools/bin/../lib/gcc/arm-none-eabi/12.3.1/../../../../arm-none-eabi/lib/thumb/v7-m/nofp\libc_nano.a(libc_a-closer.o)
                              C:/ST/STM32CubeIDE_1.15.1/STM32CubeIDE/plugins/com.st.stm32cube.ide.mcu.externaltools.gnu-tools-for-stm32.12.3.rel1.win32_1.0.100.202403111256/tools/bin/../lib/gcc/arm-none-eabi/12.3.1/../../../../arm-none-eabi/lib/thumb/v7-m/nofp\libc_nano.a(libc_a-stdio.o) (_close_r)
C:/ST/STM32CubeIDE_1.15.1/STM32CubeIDE/plugins/com.st.stm32cube.ide.mcu.externaltools.gnu-tools-for-stm32.12.3.rel1.win32_1.0.100.202403111256/tools/bin/../lib/gcc/arm-none-eabi/12.3.1/../../../../arm-none-eabi/lib/thumb/v7-m/nofp\libc_nano.a(libc_a-reent.o)
                              C:/ST/STM32CubeIDE_1.15.1/STM32CubeIDE/plugins/com.st.stm32cube.ide.mcu.externaltools.gnu-tools-for-stm32.12.3.rel1.win32_1.0.100.202403111256/tools/bin/../lib/gcc/arm-none-eabi/12.3.1/../../../../arm-none-eabi/lib/thumb/v7-m/nofp\libc_nano.a(libc_a-closer.o) (errno)
C:/ST/STM32CubeIDE_1.15.1/STM32CubeIDE/plugins/com.st.stm32cube.ide.mcu.externaltools.gnu-tools-for-stm32.12.3.rel1.win32_1.0.100.202403111256/tools/bin/../lib/gcc/arm-none-eabi/12.3.1/../../../../arm-none-eabi/lib/thumb/v7-m/nofp\libc_nano.a(libc_a-impure.o)
                              C:/ST/STM32CubeIDE_1.15.1/STM32CubeIDE/plugins/com.st.stm32cube.ide.mcu.externaltools.gnu-tools-for-stm32.12.3.rel1.win32_1.0.100.202403111256/tools/bin/../lib/gcc/arm-none-eabi/12.3.1/../../../../arm-none-eabi/lib/thumb/v7-m/nofp\libc_nano.a(libc_a-reent.o) (_impure_ptr)
C:/ST/STM32CubeIDE_1.15.1/STM32CubeIDE/plugins/com.st.stm32cube.ide.mcu.externaltools.gnu-tools-for-stm32.12.3.rel1.win32_1.0.100.202403111256/tools/bin/../lib/gcc/arm-none-eabi/12.3.1/../../../../arm-none-eabi/lib/thumb/v7-m/nofp\libc_nano.a(libc_a-lseekr.o)
[...]
Memory Configuration

Name             Origin             Length             Attributes
RAM              0x20000000         0x00005000         xrw
FLASH            0x08000000         0x00010000         xr
*default*        0x00000000         0xffffffff

Linker script and memory map

LOAD C:/ST/STM32CubeIDE_1.15.1/STM32CubeIDE/plugins/com.st.stm32cube.ide.mcu.externaltools.gnu-tools-for-stm32.12.3.rel1.win32_1.0.100.202403111256/tools/bin/../lib/gcc/arm-none-eabi/12.3.1/thumb/v7-m/nofp/crti.o
LOAD C:/ST/STM32CubeIDE_1.15.1/STM32CubeIDE/plugins/com.st.stm32cube.ide.mcu.externaltools.gnu-tools-for-stm32.12.3.rel1.win32_1.0.100.202403111256/tools/bin/../lib/gcc/arm-none-eabi/12.3.1/thumb/v7-m/nofp/crtbegin.o
LOAD C:/ST/STM32CubeIDE_1.15.1/STM32CubeIDE/plugins/com.st.stm32cube.ide.mcu.externaltools.gnu-tools-for-stm32.12.3.rel1.win32_1.0.100.202403111256/tools/bin/../lib/gcc/arm-none-eabi/12.3.1/../../../../arm-none-eabi/lib/thumb/v7-m/nofp/crt0.o
LOAD ./Core/Src/main.o
LOAD ./Core/Src/stm32f1xx_it.o
LOAD ./Core/Src/syscalls.o
LOAD ./Core/Src/sysmem.o
LOAD ./Core/Src/system_stm32f1xx.o
LOAD ./Core/Startup/startup_stm32f103c8tx.o
LOAD ./Devices/BH1750/bh1750.o
LOAD ./Drivers/STM32F1xx_HAL_Driver/Src/stm32f1xx_ll_dma.o
LOAD ./Drivers/STM32F1xx_HAL_Driver/Src/stm32f1xx_ll_exti.o
LOAD ./Drivers/STM32F1xx_HAL_Driver/Src/stm32f1xx_ll_gpio.o
LOAD ./Drivers/STM32F1xx_HAL_Driver/Src/stm32f1xx_ll_pwr.o
LOAD ./Drivers/STM32F1xx_HAL_Driver/Src/stm32f1xx_ll_rcc.o
LOAD ./Drivers/STM32F1xx_HAL_Driver/Src/stm32f1xx_ll_usart.o
LOAD ./Drivers/STM32F1xx_HAL_Driver/Src/stm32f1xx_ll_utils.o
LOAD ./Source/croutine.o
LOAD ./Source/event_groups.o
LOAD ./Source/list.o
LOAD ./Source/queue.o
LOAD ./Source/stream_buffer.o
LOAD ./Source/tasks.o
LOAD ./Source/timers.o
LOAD ./Source/portable/GCC/ARM_CM3/port.o
LOAD ./Source/portable/MemMang/heap_2.o
LOAD ./UARTStdio/uartstdio.o
START GROUP
LOAD C:/ST/STM32CubeIDE_1.15.1/STM32CubeIDE/plugins/com.st.stm32cube.ide.mcu.externaltools.gnu-tools-for-stm32.12.3.rel1.win32_1.0.100.202403111256/tools/bin/../lib/gcc/arm-none-eabi/12.3.1/../../../../arm-none-eabi/lib/thumb/v7-m/nofp\libc_nano.a
LOAD C:/ST/STM32CubeIDE_1.15.1/STM32CubeIDE/plugins/com.st.stm32cube.ide.mcu.externaltools.gnu-tools-for-stm32.12.3.rel1.win32_1.0.100.202403111256/tools/bin/../lib/gcc/arm-none-eabi/12.3.1/../../../../arm-none-eabi/lib/thumb/v7-m/nofp\libm.a
END GROUP
START GROUP
LOAD C:/ST/STM32CubeIDE_1.15.1/STM32CubeIDE/plugins/com.st.stm32cube.ide.mcu.externaltools.gnu-tools-for-stm32.12.3.rel1.win32_1.0.100.202403111256/tools/bin/../lib/gcc/arm-none-eabi/12.3.1/thumb/v7-m/nofp\libgcc.a
LOAD C:/ST/STM32CubeIDE_1.15.1/STM32CubeIDE/plugins/com.st.stm32cube.ide.mcu.externaltools.gnu-tools-for-stm32.12.3.rel1.win32_1.0.100.202403111256/tools/bin/../lib/gcc/arm-none-eabi/12.3.1/../../../../arm-none-eabi/lib/thumb/v7-m/nofp\libc_nano.a
END GROUP
START GROUP
LOAD C:/ST/STM32CubeIDE_1.15.1/STM32CubeIDE/plugins/com.st.stm32cube.ide.mcu.externaltools.gnu-tools-for-stm32.12.3.rel1.win32_1.0.100.202403111256/tools/bin/../lib/gcc/arm-none-eabi/12.3.1/thumb/v7-m/nofp\libgcc.a
LOAD C:/ST/STM32CubeIDE_1.15.1/STM32CubeIDE/plugins/com.st.stm32cube.ide.mcu.externaltools.gnu-tools-for-stm32.12.3.rel1.win32_1.0.100.202403111256/tools/bin/../lib/gcc/arm-none-eabi/12.3.1/../../../../arm-none-eabi/lib/thumb/v7-m/nofp\libc_nano.a
LOAD C:/ST/STM32CubeIDE_1.15.1/STM32CubeIDE/plugins/com.st.stm32cube.ide.mcu.externaltools.gnu-tools-for-stm32.12.3.rel1.win32_1.0.100.202403111256/tools/bin/../lib/gcc/arm-none-eabi/12.3.1/../../../../arm-none-eabi/lib/thumb/v7-m/nofp\libnosys.a
END GROUP
START GROUP
LOAD C:/ST/STM32CubeIDE_1.15.1/STM32CubeIDE/plugins/com.st.stm32cube.ide.mcu.externaltools.gnu-tools-for-stm32.12.3.rel1.win32_1.0.100.202403111256/tools/bin/../lib/gcc/arm-none-eabi/12.3.1/thumb/v7-m/nofp\libgcc.a
LOAD C:/ST/STM32CubeIDE_1.15.1/STM32CubeIDE/plugins/com.st.stm32cube.ide.mcu.externaltools.gnu-tools-for-stm32.12.3.rel1.win32_1.0.100.202403111256/tools/bin/../lib/gcc/arm-none-eabi/12.3.1/../../../../arm-none-eabi/lib/thumb/v7-m/nofp\libc_nano.a
LOAD C:/ST/STM32CubeIDE_1.15.1/STM32CubeIDE/plugins/com.st.stm32cube.ide.mcu.externaltools.gnu-tools-for-stm32.12.3.rel1.win32_1.0.100.202403111256/tools/bin/../lib/gcc/arm-none-eabi/12.3.1/../../../../arm-none-eabi/lib/thumb/v7-m/nofp\libnosys.a
END GROUP
LOAD C:/ST/STM32CubeIDE_1.15.1/STM32CubeIDE/plugins/com.st.stm32cube.ide.mcu.externaltools.gnu-tools-for-stm32.12.3.rel1.win32_1.0.100.202403111256/tools/bin/../lib/gcc/arm-none-eabi/12.3.1/thumb/v7-m/nofp/crtend.o
LOAD C:/ST/STM32CubeIDE_1.15.1/STM32CubeIDE/plugins/com.st.stm32cube.ide.mcu.externaltools.gnu-tools-for-stm32.12.3.rel1.win32_1.0.100.202403111256/tools/bin/../lib/gcc/arm-none-eabi/12.3.1/thumb/v7-m/nofp/crtn.o
                0x20005000                        _estack = (ORIGIN (RAM) + LENGTH (RAM))
                0x00000200                        _Min_Heap_Size = 0x200
                0x00000400                        _Min_Stack_Size = 0x400

.isr_vector     0x08000000      0x10c
                0x08000000                        . = ALIGN (0x4)
 *(.isr_vector)
 .isr_vector    0x08000000      0x10c ./Core/Startup/startup_stm32f103c8tx.o
                0x08000000                g_pfnVectors
                0x0800010c                        . = ALIGN (0x4)

.text           0x08000110     0x141c
                0x08000110                        . = ALIGN (0x4)
 *(.text)
 .text          0x08000110       0x40 C:/ST/STM32CubeIDE_1.15.1/STM32CubeIDE/plugins/com.st.stm32cube.ide.mcu.externaltools.gnu-tools-for-stm32.12.3.rel1.win32_1.0.100.202403111256/tools/bin/../lib/gcc/arm-none-eabi/12.3.1/thumb/v7-m/nofp/crtbegin.o
 .text          0x08000150       0x10 C:/ST/STM32CubeIDE_1.15.1/STM32CubeIDE/plugins/com.st.stm32cube.ide.mcu.externaltools.gnu-tools-for-stm32.12.3.rel1.win32_1.0.100.202403111256/tools/bin/../lib/gcc/arm-none-eabi/12.3.1/../../../../arm-none-eabi/lib/thumb/v7-m/nofp\libc_nano.a(libc_a-strlen.o)
                0x08000150                strlen
 *(.text*)
 .text.LL_APB2_GRP1_EnableClock
                0x08000160       0x1c ./Core/Src/main.o
 .text.Switch_Task
                0x0800017c        0x2 ./Core/Src/main.o
 *fill*         0x0800017e        0x2 
 .text.Status_Led_Task
                0x08000180       0x40 ./Core/Src/main.o
 .text.NVIC_EncodePriority.constprop.0
                0x080001c0       0x2c ./Core/Src/main.o
 .text.SystemClock_Config
                0x080001ec       0x74 ./Core/Src/main.o
                0x080001ec                SystemClock_Config
 .text.startup.main
                0x08000260      0x174 ./Core/Src/main.o
                0x08000260                main
 .text.NMI_Handler
                0x080003d4        0x2 ./Core/Src/stm32f1xx_it.o
                0x080003d4                NMI_Handler
 .text.HardFault_Handler
                0x080003d6        0x2 ./Core/Src/stm32f1xx_it.o
                0x080003d6                HardFault_Handler
 .text.MemManage_Handler
                0x080003d8        0x2 ./Core/Src/stm32f1xx_it.o
                0x080003d8                MemManage_Handler
 .text.BusFault_Handler
                0x080003da        0x2 ./Core/Src/stm32f1xx_it.o
                0x080003da                BusFault_Handler
 .text.UsageFault_Handler
                0x080003dc        0x2 ./Core/Src/stm32f1xx_it.o
                0x080003dc                UsageFault_Handler
 .text.DebugMon_Handler
                0x080003de        0x2 ./Core/Src/stm32f1xx_it.o
                0x080003de                DebugMon_Handler
 .text.USART2_IRQHandler
                0x080003e0        0x4 ./Core/Src/stm32f1xx_it.o
                0x080003e0                USART2_IRQHandler
 .text.SystemInit
                0x080003e4        0x2 ./Core/Src/system_stm32f1xx.o
                0x080003e4                SystemInit
 *fill*         0x080003e6        0x2 
 .text.Reset_Handler
                0x080003e8       0x48 ./Core/Startup/startup_stm32f103c8tx.o
                0x080003e8                Reset_Handler
 .text.Default_Handler
                0x08000430        0x2 ./Core/Startup/startup_stm32f103c8tx.o
                0x08000430                RTC_Alarm_IRQHandler
                0x08000430                EXTI2_IRQHandler
                0x08000430                TIM1_CC_IRQHandler
                0x08000430                PVD_IRQHandler
                0x08000430                EXTI3_IRQHandler
                0x08000430                EXTI0_IRQHandler
                0x08000430                I2C2_EV_IRQHandler
                0x08000430                ADC1_2_IRQHandler
                0x08000430                SPI1_IRQHandler
                0x08000430                TAMPER_IRQHandler
                0x08000430                DMA1_Channel4_IRQHandler
                0x08000430                USART3_IRQHandler
                0x08000430                RTC_IRQHandler
                0x08000430                DMA1_Channel7_IRQHandler
                0x08000430                CAN1_RX1_IRQHandler
                0x08000430                TIM4_IRQHandler
                0x08000430                I2C1_EV_IRQHandler
                0x08000430                DMA1_Channel6_IRQHandler
                0x08000430                TIM3_IRQHandler
                0x08000430                RCC_IRQHandler
                0x08000430                TIM1_TRG_COM_IRQHandler
                0x08000430                DMA1_Channel1_IRQHandler
                0x08000430                Default_Handler
                0x08000430                EXTI15_10_IRQHandler
                0x08000430                EXTI9_5_IRQHandler
                0x08000430                SPI2_IRQHandler
                0x08000430                DMA1_Channel5_IRQHandler
                0x08000430                EXTI4_IRQHandler
                0x08000430                USB_LP_CAN1_RX0_IRQHandler
                0x08000430                USB_HP_CAN1_TX_IRQHandler
                0x08000430                DMA1_Channel3_IRQHandler
                0x08000430                TIM1_UP_IRQHandler
                0x08000430                WWDG_IRQHandler
                0x08000430                TIM2_IRQHandler
                0x08000430                TIM1_BRK_IRQHandler
                0x08000430                EXTI1_IRQHandler
                0x08000430                I2C2_ER_IRQHandler
                0x08000430                DMA1_Channel2_IRQHandler
                0x08000430                CAN1_SCE_IRQHandler
                0x08000430                FLASH_IRQHandler
                0x08000430                USART1_IRQHandler
                0x08000430                I2C1_ER_IRQHandler
                0x08000430                USBWakeUp_IRQHandler
 .text.LL_GPIO_Init
                0x08000432      0x10c ./Drivers/STM32F1xx_HAL_Driver/Src/stm32f1xx_ll_gpio.o
                0x08000432                LL_GPIO_Init
 *fill*         0x0800053e        0x2 
 .text.RCC_GetHCLKClockFreq
                0x08000540       0x18 ./Drivers/STM32F1xx_HAL_Driver/Src/stm32f1xx_ll_rcc.o
                0x08000540                RCC_GetHCLKClockFreq
 .text.RCC_GetPCLK1ClockFreq
                0x08000558       0x18 ./Drivers/STM32F1xx_HAL_Driver/Src/stm32f1xx_ll_rcc.o
                0x08000558                RCC_GetPCLK1ClockFreq
 .text.RCC_GetPCLK2ClockFreq
                0x08000570       0x18 ./Drivers/STM32F1xx_HAL_Driver/Src/stm32f1xx_ll_rcc.o
                0x08000570                RCC_GetPCLK2ClockFreq
 .text.RCC_PLL_GetFreqDomain_SYS
                0x08000588       0x34 ./Drivers/STM32F1xx_HAL_Driver/Src/stm32f1xx_ll_rcc.o
                0x08000588                RCC_PLL_GetFreqDomain_SYS
 .text.RCC_GetSystemClockFreq
                0x080005bc       0x1c ./Drivers/STM32F1xx_HAL_Driver/Src/stm32f1xx_ll_rcc.o
                0x080005bc                RCC_GetSystemClockFreq
 .text.LL_RCC_GetSystemClocksFreq
                0x080005d8       0x22 ./Drivers/STM32F1xx_HAL_Driver/Src/stm32f1xx_ll_rcc.o
                0x080005d8                LL_RCC_GetSystemClocksFreq
 *fill*         0x080005fa        0x2 
 .text.LL_USART_Init
                0x080005fc       0xa4 ./Drivers/STM32F1xx_HAL_Driver/Src/stm32f1xx_ll_usart.o
                0x080005fc                LL_USART_Init
 .text.LL_Init1msTick
                0x080006a0       0x1a ./Drivers/STM32F1xx_HAL_Driver/Src/stm32f1xx_ll_utils.o
                0x080006a0                LL_Init1msTick
 *fill*         0x080006ba        0x2 
 .text.LL_SetSystemCoreClock
                0x080006bc        0xc ./Drivers/STM32F1xx_HAL_Driver/Src/stm32f1xx_ll_utils.o
                0x080006bc                LL_SetSystemCoreClock
 .text.vListInitialise
                0x080006c8       0x16 ./Source/list.o
                0x080006c8                vListInitialise
 .text.vListInitialiseItem
                0x080006de        0x6 ./Source/list.o
                0x080006de                vListInitialiseItem
 .text.vListInsert
                0x080006e4       0x2e ./Source/list.o
                0x080006e4                vListInsert
 .text.uxListRemove
                0x08000712       0x20 ./Source/list.o
                0x08000712                uxListRemove
 *fill*         0x08000732        0x2 
 .text.prvAddCurrentTaskToDelayedList
                0x08000734       0xa0 ./Source/tasks.o
 .text.prvResetNextTaskUnblockTime
                0x080007d4       0x24 ./Source/tasks.o
 .text.prvIdleTask
                0x080007f8       0x68 ./Source/tasks.o
 .text.xTaskCreate
                0x08000860      0x1b4 ./Source/tasks.o
                0x08000860                xTaskCreate
 .text.vTaskStartScheduler
                0x08000a14       0x64 ./Source/tasks.o
                0x08000a14                vTaskStartScheduler
 .text.vTaskSuspendAll
                0x08000a78       0x10 ./Source/tasks.o
                0x08000a78                vTaskSuspendAll
 .text.xTaskIncrementTick
                0x08000a88      0x154 ./Source/tasks.o
                0x08000a88                xTaskIncrementTick
 .text.xTaskResumeAll
                0x08000bdc      0x124 ./Source/tasks.o
                0x08000bdc                xTaskResumeAll
 .text.vTaskDelay
                0x08000d00       0x2e ./Source/tasks.o
                0x08000d00                vTaskDelay
 *fill*         0x08000d2e        0x2 
 .text.vTaskSwitchContext
                0x08000d30       0x60 ./Source/tasks.o
                0x08000d30                vTaskSwitchContext
 .text.prvTaskExitError
                0x08000d90       0x20 ./Source/portable/GCC/ARM_CM3/port.o
 .text.prvPortStartFirstTask
                0x08000db0       0x20 ./Source/portable/GCC/ARM_CM3/port.o
 .text.pxPortInitialiseStack
                0x08000dd0       0x24 ./Source/portable/GCC/ARM_CM3/port.o
                0x08000dd0                pxPortInitialiseStack
 *fill*         0x08000df4        0xc 
 .text.vPortSVCHandler
                0x08000e00       0x24 ./Source/portable/GCC/ARM_CM3/port.o
                0x08000e00                vPortSVCHandler
 .text.vPortEnterCritical
                0x08000e24       0x20 ./Source/portable/GCC/ARM_CM3/port.o
                0x08000e24                vPortEnterCritical
 .text.vPortExitCritical
                0x08000e44       0x14 ./Source/portable/GCC/ARM_CM3/port.o
                0x08000e44                vPortExitCritical
 *fill*         0x08000e58        0x8 
 .text.xPortPendSVHandler
                0x08000e60       0x44 ./Source/portable/GCC/ARM_CM3/port.o
                0x08000e60                xPortPendSVHandler
 .text.xPortSysTickHandler
                0x08000ea4       0x2c ./Source/portable/GCC/ARM_CM3/port.o
                0x08000ea4                xPortSysTickHandler
 .text.vPortSetupTimerInterrupt
                0x08000ed0       0x16 ./Source/portable/GCC/ARM_CM3/port.o
                0x08000ed0                vPortSetupTimerInterrupt
 *fill*         0x08000ee6        0x2 
 .text.xPortStartScheduler
                0x08000ee8       0x3c ./Source/portable/GCC/ARM_CM3/port.o
                0x08000ee8                xPortStartScheduler
 .text.pvPortMalloc
                0x08000f24       0xcc ./Source/portable/MemMang/heap_2.o
                0x08000f24                pvPortMalloc
 .text.vPortFree
                0x08000ff0       0x50 ./Source/portable/MemMang/heap_2.o
                0x08000ff0                vPortFree
 .text.LL_USART_DisableIT_TXE
                0x08001040       0x1a ./UARTStdio/uartstdio.o
 *fill*         0x0800105a        0x2 
 .text.UARTPrimeTransmit
                0x0800105c       0x54 ./UARTStdio/uartstdio.o
 .text.UARTwrite
                0x080010b0       0x8c ./UARTStdio/uartstdio.o
                0x080010b0                UARTwrite
 .text.UARTvprintf
                0x0800113c      0x1c8 ./UARTStdio/uartstdio.o
                0x0800113c                UARTvprintf
 .text.UARTprintf
                0x08001304       0x1a ./UARTStdio/uartstdio.o
                0x08001304                UARTprintf
 *fill*         0x0800131e        0x2 
 .text.UARTFlushRx
                0x08001320       0x40 ./UARTStdio/uartstdio.o
                0x08001320                UARTFlushRx
 .text.UARTStdioConfig
                0x08001360       0x4c ./UARTStdio/uartstdio.o
                0x08001360                UARTStdioConfig
 .text.UARTStdioIntHandler
                0x080013ac      0x110 ./UARTStdio/uartstdio.o
                0x080013ac                UARTStdioIntHandler
 .text.memset   0x080014bc       0x10 C:/ST/STM32CubeIDE_1.15.1/STM32CubeIDE/plugins/com.st.stm32cube.ide.mcu.externaltools.gnu-tools-for-stm32.12.3.rel1.win32_1.0.100.202403111256/tools/bin/../lib/gcc/arm-none-eabi/12.3.1/../../../../arm-none-eabi/lib/thumb/v7-m/nofp\libc_nano.a(libc_a-memset.o)
                0x080014bc                memset
 .text.__libc_init_array
                0x080014cc       0x48 C:/ST/STM32CubeIDE_1.15.1/STM32CubeIDE/plugins/com.st.stm32cube.ide.mcu.externaltools.gnu-tools-for-stm32.12.3.rel1.win32_1.0.100.202403111256/tools/bin/../lib/gcc/arm-none-eabi/12.3.1/../../../../arm-none-eabi/lib/thumb/v7-m/nofp\libc_nano.a(libc_a-init.o)
                0x080014cc                __libc_init_array
 *(.glue_7)
 .glue_7        0x08001514        0x0 linker stubs
 *(.glue_7t)
 .glue_7t       0x08001514        0x0 linker stubs
 *(.eh_frame)
 .eh_frame      0x08001514        0x0 C:/ST/STM32CubeIDE_1.15.1/STM32CubeIDE/plugins/com.st.stm32cube.ide.mcu.externaltools.gnu-tools-for-stm32.12.3.rel1.win32_1.0.100.202403111256/tools/bin/../lib/gcc/arm-none-eabi/12.3.1/thumb/v7-m/nofp/crtbegin.o
 *(.init)
 .init          0x08001514        0x4 C:/ST/STM32CubeIDE_1.15.1/STM32CubeIDE/plugins/com.st.stm32cube.ide.mcu.externaltools.gnu-tools-for-stm32.12.3.rel1.win32_1.0.100.202403111256/tools/bin/../lib/gcc/arm-none-eabi/12.3.1/thumb/v7-m/nofp/crti.o
                0x08001514                _init
 .init          0x08001518        0x8 C:/ST/STM32CubeIDE_1.15.1/STM32CubeIDE/plugins/com.st.stm32cube.ide.mcu.externaltools.gnu-tools-for-stm32.12.3.rel1.win32_1.0.100.202403111256/tools/bin/../lib/gcc/arm-none-eabi/12.3.1/thumb/v7-m/nofp/crtn.o
 *(.fini)
 .fini          0x08001520        0x4 C:/ST/STM32CubeIDE_1.15.1/STM32CubeIDE/plugins/com.st.stm32cube.ide.mcu.externaltools.gnu-tools-for-stm32.12.3.rel1.win32_1.0.100.202403111256/tools/bin/../lib/gcc/arm-none-eabi/12.3.1/thumb/v7-m/nofp/crti.o
                0x08001520                _fini
 .fini          0x08001524        0x8 C:/ST/STM32CubeIDE_1.15.1/STM32CubeIDE/plugins/com.st.stm32cube.ide.mcu.externaltools.gnu-tools-for-stm32.12.3.rel1.win32_1.0.100.202403111256/tools/bin/../lib/gcc/arm-none-eabi/12.3.1/thumb/v7-m/nofp/crtn.o
                0x0800152c                        . = ALIGN (0x4)
                0x0800152c                        _etext = .

.vfp11_veneer   0x0800152c        0x0
 .vfp11_veneer  0x0800152c        0x0 linker stubs

.v4_bx          0x0800152c        0x0
 .v4_bx         0x0800152c        0x0 linker stubs

.iplt           0x0800152c        0x0
 .iplt          0x0800152c        0x0 C:/ST/STM32CubeIDE_1.15.1/STM32CubeIDE/plugins/com.st.stm32cube.ide.mcu.externaltools.gnu-tools-for-stm32.12.3.rel1.win32_1.0.100.202403111256/tools/bin/../lib/gcc/arm-none-eabi/12.3.1/thumb/v7-m/nofp/crtbegin.o

.rodata         0x0800152c       0x70
                0x0800152c                        . = ALIGN (0x4)
 *(.rodata)
 *(.rodata*)
 .rodata.Status_Led_Task.str1.1
                0x0800152c       0x1b ./Core/Src/main.o
 .rodata.main.str1.1
                0x08001547       0x19 ./Core/Src/main.o
 .rodata.APBPrescTable
                0x08001560        0x8 ./Core/Src/system_stm32f1xx.o
                0x08001560                APBPrescTable
 .rodata.AHBPrescTable
                0x08001568       0x10 ./Core/Src/system_stm32f1xx.o
                0x08001568                AHBPrescTable
 .rodata.vTaskStartScheduler.str1.1
                0x08001578        0x5 ./Source/tasks.o
 .rodata.UARTvprintf.str1.1
                0x0800157d       0x19 ./UARTStdio/uartstdio.o
 .rodata.UARTStdioIntHandler.str1.1
                0x08001596        0x4 ./UARTStdio/uartstdio.o
                                  0x6 (size before relaxing)
                0x0800159c                        . = ALIGN (0x4)
 *fill*         0x0800159a        0x2 

.ARM.extab      0x0800159c        0x0
                0x0800159c                        . = ALIGN (0x4)
 *(.ARM.extab* .gnu.linkonce.armextab.*)
                0x0800159c                        . = ALIGN (0x4)

.ARM            0x0800159c        0x8
                0x0800159c                        . = ALIGN (0x4)
                0x0800159c                        __exidx_start = .
 *(.ARM.exidx*)
 .ARM.exidx     0x0800159c        0x8 C:/ST/STM32CubeIDE_1.15.1/STM32CubeIDE/plugins/com.st.stm32cube.ide.mcu.externaltools.gnu-tools-for-stm32.12.3.rel1.win32_1.0.100.202403111256/tools/bin/../lib/gcc/arm-none-eabi/12.3.1/../../../../arm-none-eabi/lib/thumb/v7-m/nofp\libc_nano.a(libc_a-strlen.o)
                0x080015a4                        __exidx_end = .
                0x080015a4                        . = ALIGN (0x4)

.rel.dyn        0x080015a4        0x0
 .rel.iplt      0x080015a4        0x0 C:/ST/STM32CubeIDE_1.15.1/STM32CubeIDE/plugins/com.st.stm32cube.ide.mcu.externaltools.gnu-tools-for-stm32.12.3.rel1.win32_1.0.100.202403111256/tools/bin/../lib/gcc/arm-none-eabi/12.3.1/thumb/v7-m/nofp/crtbegin.o

.preinit_array  0x080015a4        0x0
                0x080015a4                        . = ALIGN (0x4)
                0x080015a4                        PROVIDE (__preinit_array_start = .)
 *(.preinit_array*)
                0x080015a4                        PROVIDE (__preinit_array_end = .)
                0x080015a4                        . = ALIGN (0x4)

.init_array     0x080015a4        0x4
                0x080015a4                        . = ALIGN (0x4)
                0x080015a4                        PROVIDE (__init_array_start = .)
 *(SORT_BY_NAME(.init_array.*))
 *(.init_array*)
 .init_array    0x080015a4        0x4 C:/ST/STM32CubeIDE_1.15.1/STM32CubeIDE/plugins/com.st.stm32cube.ide.mcu.externaltools.gnu-tools-for-stm32.12.3.rel1.win32_1.0.100.202403111256/tools/bin/../lib/gcc/arm-none-eabi/12.3.1/thumb/v7-m/nofp/crtbegin.o
                0x080015a8                        PROVIDE (__init_array_end = .)
                0x080015a8                        . = ALIGN (0x4)

.fini_array     0x080015a8        0x4
                0x080015a8                        . = ALIGN (0x4)
                [!provide]                        PROVIDE (__fini_array_start = .)
 *(SORT_BY_NAME(.fini_array.*))
 *(.fini_array*)
 .fini_array    0x080015a8        0x4 C:/ST/STM32CubeIDE_1.15.1/STM32CubeIDE/plugins/com.st.stm32cube.ide.mcu.externaltools.gnu-tools-for-stm32.12.3.rel1.win32_1.0.100.202403111256/tools/bin/../lib/gcc/arm-none-eabi/12.3.1/thumb/v7-m/nofp/crtbegin.o
                [!provide]                        PROVIDE (__fini_array_end = .)
                0x080015ac                        . = ALIGN (0x4)
                0x080015ac                        _sidata = LOADADDR (.data)

.data           0x20000000       0x10 load address 0x080015ac
                0x20000000                        . = ALIGN (0x4)
                0x20000000                        _sdata = .
 *(.data)
 *(.data*)
 .data.SystemCoreClock
                0x20000000        0x4 ./Core/Src/system_stm32f1xx.o
                0x20000000                SystemCoreClock
 .data.uxTopUsedPriority
                0x20000004        0x4 ./Source/tasks.o
                0x20000004                uxTopUsedPriority
 .data.uxCriticalNesting
                0x20000008        0x4 ./Source/portable/GCC/ARM_CM3/port.o
 .data.xFreeBytesRemaining
                0x2000000c        0x4 ./Source/portable/MemMang/heap_2.o
 *(.RamFunc)
 *(.RamFunc*)
                0x20000010                        . = ALIGN (0x4)
                0x20000010                        _edata = .

.igot.plt       0x20000010        0x0 load address 0x080015bc
 .igot.plt      0x20000010        0x0 C:/ST/STM32CubeIDE_1.15.1/STM32CubeIDE/plugins/com.st.stm32cube.ide.mcu.externaltools.gnu-tools-for-stm32.12.3.rel1.win32_1.0.100.202403111256/tools/bin/../lib/gcc/arm-none-eabi/12.3.1/thumb/v7-m/nofp/crtbegin.o
                0x20000010                        . = ALIGN (0x4)

.bss            0x20000010     0x49d4 load address 0x080015bc
                0x20000010                        _sbss = .
                0x20000010                        __bss_start__ = _sbss
 *(.bss)
 .bss           0x20000010       0x1c C:/ST/STM32CubeIDE_1.15.1/STM32CubeIDE/plugins/com.st.stm32cube.ide.mcu.externaltools.gnu-tools-for-stm32.12.3.rel1.win32_1.0.100.202403111256/tools/bin/../lib/gcc/arm-none-eabi/12.3.1/thumb/v7-m/nofp/crtbegin.o
 *(.bss*)
 .bss.status_task_Handle
                0x2000002c        0x4 ./Core/Src/main.o
                0x2000002c                status_task_Handle
 .bss.uxSchedulerSuspended
                0x20000030        0x4 ./Source/tasks.o
 .bss.xIdleTaskHandle
                0x20000034        0x4 ./Source/tasks.o
 .bss.xNextTaskUnblockTime
                0x20000038        0x4 ./Source/tasks.o
 .bss.uxTaskNumber
                0x2000003c        0x4 ./Source/tasks.o
 .bss.xNumOfOverflows
                0x20000040        0x4 ./Source/tasks.o
 .bss.xYieldPending
                0x20000044        0x4 ./Source/tasks.o
 .bss.xPendedTicks
                0x20000048        0x4 ./Source/tasks.o
 .bss.xSchedulerRunning
                0x2000004c        0x4 ./Source/tasks.o
 .bss.uxTopReadyPriority
                0x20000050        0x4 ./Source/tasks.o
 .bss.xTickCount
                0x20000054        0x4 ./Source/tasks.o
 .bss.uxCurrentNumberOfTasks
                0x20000058        0x4 ./Source/tasks.o
 .bss.xSuspendedTaskList
                0x2000005c       0x14 ./Source/tasks.o
 .bss.uxDeletedTasksWaitingCleanUp
                0x20000070        0x4 ./Source/tasks.o
 .bss.xTasksWaitingTermination
                0x20000074       0x14 ./Source/tasks.o
 .bss.xPendingReadyList
                0x20000088       0x14 ./Source/tasks.o
 .bss.pxOverflowDelayedTaskList
                0x2000009c        0x4 ./Source/tasks.o
 .bss.pxDelayedTaskList
                0x200000a0        0x4 ./Source/tasks.o
 .bss.xDelayedTaskList2
                0x200000a4       0x14 ./Source/tasks.o
 .bss.xDelayedTaskList1
                0x200000b8       0x14 ./Source/tasks.o
 .bss.pxReadyTasksLists
                0x200000cc       0x64 ./Source/tasks.o
 .bss.pxCurrentTCB
                0x20000130        0x4 ./Source/tasks.o
                0x20000130                pxCurrentTCB
 .bss.xHeapHasBeenInitialised.0
                0x20000134        0x4 ./Source/portable/MemMang/heap_2.o
 .bss.xEnd      0x20000138        0x8 ./Source/portable/MemMang/heap_2.o
 .bss.xStart    0x20000140        0x8 ./Source/portable/MemMang/heap_2.o
 .bss.ucHeap    0x20000148     0x4400 ./Source/portable/MemMang/heap_2.o
 .bss.bLastWasCR.0
                0x20004548        0x1 ./UARTStdio/uartstdio.o
 *fill*         0x20004549        0x3 
 .bss.stdUsart  0x2000454c        0x4 ./UARTStdio/uartstdio.o
                0x2000454c                stdUsart
 .bss.g_ui32UARTRxReadIndex
                0x20004550        0x4 ./UARTStdio/uartstdio.o
 .bss.g_ui32UARTRxWriteIndex
                0x20004554        0x4 ./UARTStdio/uartstdio.o
 .bss.g_pcUARTRxBuffer
                0x20004558       0x80 ./UARTStdio/uartstdio.o
 .bss.g_ui32UARTTxReadIndex
                0x200045d8        0x4 ./UARTStdio/uartstdio.o
 .bss.g_ui32UARTTxWriteIndex
                0x200045dc        0x4 ./UARTStdio/uartstdio.o
 .bss.g_pcUARTTxBuffer
                0x200045e0      0x400 ./UARTStdio/uartstdio.o
 .bss.g_bDisableEcho
                0x200049e0        0x1 ./UARTStdio/uartstdio.o
 *(COMMON)
                0x200049e4                        . = ALIGN (0x4)
 *fill*         0x200049e1        0x3 
                0x200049e4                        _ebss = .
                0x200049e4                        __bss_end__ = _ebss

._user_heap_stack
                0x200049e4      0x604 load address 0x080015bc
                0x200049e8                        . = ALIGN (0x8)
 *fill*         0x200049e4        0x4 
                [!provide]                        PROVIDE (end = .)
                0x200049e8                        PROVIDE (_end = .)
                0x20004be8                        . = (. + _Min_Heap_Size)
 *fill*         0x200049e8      0x200 
                0x20004fe8                        . = (. + _Min_Stack_Size)
 *fill*         0x20004be8      0x400 
                0x20004fe8                        . = ALIGN (0x8)

/DISCARD/
 libc.a(*)
 libm.a(*)
 libgcc.a(*)

.ARM.attributes
                0x00000000       0x29
 *(.ARM.attributes)
 .ARM.attributes
                0x00000000       0x1d C:/ST/STM32CubeIDE_1.15.1/STM32CubeIDE/plugins/com.st.stm32cube.ide.mcu.externaltools.gnu-tools-for-stm32.12.3.rel1.win32_1.0.100.202403111256/tools/bin/../lib/gcc/arm-none-eabi/12.3.1/thumb/v7-m/nofp/crti.o
 .ARM.attributes
                0x0000001d       0x2d C:/ST/STM32CubeIDE_1.15.1/STM32CubeIDE/plugins/com.st.stm32cube.ide.mcu.externaltools.gnu-tools-for-stm32.12.3.rel1.win32_1.0.100.202403111256/tools/bin/../lib/gcc/arm-none-eabi/12.3.1/thumb/v7-m/nofp/crtbegin.o
 .ARM.attributes
                0x0000004a       0x2d ./Core/Src/main.o
 .ARM.attributes
                0x00000077       0x2d ./Core/Src/stm32f1xx_it.o
 .ARM.attributes
                0x000000a4       0x2d ./Core/Src/system_stm32f1xx.o
 .ARM.attributes
                0x000000d1       0x21 ./Core/Startup/startup_stm32f103c8tx.o
 .ARM.attributes
                0x000000f2       0x2d ./Drivers/STM32F1xx_HAL_Driver/Src/stm32f1xx_ll_gpio.o
 .ARM.attributes
                0x0000011f       0x2d ./Drivers/STM32F1xx_HAL_Driver/Src/stm32f1xx_ll_rcc.o
 .ARM.attributes
                0x0000014c       0x2d ./Drivers/STM32F1xx_HAL_Driver/Src/stm32f1xx_ll_usart.o
 .ARM.attributes
                0x00000179       0x2d ./Drivers/STM32F1xx_HAL_Driver/Src/stm32f1xx_ll_utils.o
 .ARM.attributes
                0x000001a6       0x2d ./Source/list.o
 .ARM.attributes
                0x000001d3       0x2d ./Source/tasks.o
 .ARM.attributes
                0x00000200       0x2d ./Source/portable/GCC/ARM_CM3/port.o
 .ARM.attributes
                0x0000022d       0x2d ./Source/portable/MemMang/heap_2.o
 .ARM.attributes
                0x0000025a       0x2d ./UARTStdio/uartstdio.o
 .ARM.attributes
                0x00000287       0x2d C:/ST/STM32CubeIDE_1.15.1/STM32CubeIDE/plugins/com.st.stm32cube.ide.mcu.externaltools.gnu-tools-for-stm32.12.3.rel1.win32_1.0.100.202403111256/tools/bin/../lib/gcc/arm-none-eabi/12.3.1/../../../../arm-none-eabi/lib/thumb/v7-m/nofp\libc_nano.a(libc_a-memset.o)
 .ARM.attributes
                0x000002b4       0x2d C:/ST/STM32CubeIDE_1.15.1/STM32CubeIDE/plugins/com.st.stm32cube.ide.mcu.externaltools.gnu-tools-for-stm32.12.3.rel1.win32_1.0.100.202403111256/tools/bin/../lib/gcc/arm-none-eabi/12.3.1/../../../../arm-none-eabi/lib/thumb/v7-m/nofp\libc_nano.a(libc_a-init.o)
 .ARM.attributes
                0x000002e1       0x17 C:/ST/STM32CubeIDE_1.15.1/STM32CubeIDE/plugins/com.st.stm32cube.ide.mcu.externaltools.gnu-tools-for-stm32.12.3.rel1.win32_1.0.100.202403111256/tools/bin/../lib/gcc/arm-none-eabi/12.3.1/../../../../arm-none-eabi/lib/thumb/v7-m/nofp\libc_nano.a(libc_a-strlen.o)
 .ARM.attributes
                0x000002f8       0x1d C:/ST/STM32CubeIDE_1.15.1/STM32CubeIDE/plugins/com.st.stm32cube.ide.mcu.externaltools.gnu-tools-for-stm32.12.3.rel1.win32_1.0.100.202403111256/tools/bin/../lib/gcc/arm-none-eabi/12.3.1/thumb/v7-m/nofp/crtn.o
OUTPUT(STM32FreeRTOSExample.elf elf32-littlearm)
LOAD linker stubs
LOAD C:/ST/STM32CubeIDE_1.15.1/STM32CubeIDE/plugins/com.st.stm32cube.ide.mcu.externaltools.gnu-tools-for-stm32.12.3.rel1.win32_1.0.100.202403111256/tools/bin/../lib/gcc/arm-none-eabi/12.3.1/../../../../arm-none-eabi/lib/thumb/v7-m/nofp\libc.a
LOAD C:/ST/STM32CubeIDE_1.15.1/STM32CubeIDE/plugins/com.st.stm32cube.ide.mcu.externaltools.gnu-tools-for-stm32.12.3.rel1.win32_1.0.100.202403111256/tools/bin/../lib/gcc/arm-none-eabi/12.3.1/../../../../arm-none-eabi/lib/thumb/v7-m/nofp\libm.a
LOAD C:/ST/STM32CubeIDE_1.15.1/STM32CubeIDE/plugins/com.st.stm32cube.ide.mcu.externaltools.gnu-tools-for-stm32.12.3.rel1.win32_1.0.100.202403111256/tools/bin/../lib/gcc/arm-none-eabi/12.3.1/thumb/v7-m/nofp\libgcc.a

.comment        0x00000000       0x43
 .comment       0x00000000       0x43 ./Core/Src/main.o
                                 0x44 (size before relaxing)
 .comment       0x00000043       0x44 ./Core/Src/stm32f1xx_it.o
 .comment       0x00000043       0x44 ./Core/Src/system_stm32f1xx.o
 .comment       0x00000043       0x44 ./Drivers/STM32F1xx_HAL_Driver/Src/stm32f1xx_ll_gpio.o
 .comment       0x00000043       0x44 ./Drivers/STM32F1xx_HAL_Driver/Src/stm32f1xx_ll_rcc.o
 .comment       0x00000043       0x44 ./Drivers/STM32F1xx_HAL_Driver/Src/stm32f1xx_ll_usart.o
 .comment       0x00000043       0x44 ./Drivers/STM32F1xx_HAL_Driver/Src/stm32f1xx_ll_utils.o
 .comment       0x00000043       0x44 ./Source/list.o
 .comment       0x00000043       0x44 ./Source/tasks.o
 .comment       0x00000043       0x44 ./Source/portable/GCC/ARM_CM3/port.o
 .comment       0x00000043       0x44 ./Source/portable/MemMang/heap_2.o
 .comment       0x00000043       0x44 ./UARTStdio/uartstdio.o

.debug_frame    0x00000000       0x4c
 .debug_frame   0x00000000       0x20 C:/ST/STM32CubeIDE_1.15.1/STM32CubeIDE/plugins/com.st.stm32cube.ide.mcu.externaltools.gnu-tools-for-stm32.12.3.rel1.win32_1.0.100.202403111256/tools/bin/../lib/gcc/arm-none-eabi/12.3.1/../../../../arm-none-eabi/lib/thumb/v7-m/nofp\libc_nano.a(libc_a-memset.o)
 .debug_frame   0x00000020       0x2c C:/ST/STM32CubeIDE_1.15.1/STM32CubeIDE/plugins/com.st.stm32cube.ide.mcu.externaltools.gnu-tools-for-stm32.12.3.rel1.win32_1.0.100.202403111256/tools/bin/../lib/gcc/arm-none-eabi/12.3.1/../../../../arm-none-eabi/lib/thumb/v7-m/nofp\libc_nano.a(libc_a-init.o)
